###############################################################################
#
# IAR ELF Linker V9.40.1.364/W64 for ARM                  26/Oct/2025  21:31:24
# Copyright 2007-2023 IAR Systems AB.
#
#    Output file  =
#        C:\Users\Enterprise\OneDrive\university\competition\camera_example\demo\iar\program\nor_sdram_zf_dtcm\Exe\RT106X.out
#    Map file     =
#        C:\Users\Enterprise\OneDrive\university\competition\camera_example\demo\iar\program\nor_sdram_zf_dtcm\List\RT106X.map
#    Command line =
#        -f
#        C:\Users\Enterprise\OneDrive\university\competition\camera_example\demo\iar\program\nor_sdram_zf_dtcm\Exe\RT106X.out.rsp
#        (C:\Users\Enterprise\OneDrive\university\competition\camera_example\demo\iar\program\nor_sdram_zf_dtcm\Obj\sdk_device_3373403627085545761.dir\board.o
#        C:\Users\Enterprise\OneDrive\university\competition\camera_example\demo\iar\program\nor_sdram_zf_dtcm\Obj\sdk_device_3373403627085545761.dir\clock_config.o
#        C:\Users\Enterprise\OneDrive\university\competition\camera_example\demo\iar\program\nor_sdram_zf_dtcm\Obj\components_fatfs_6246014242642884545.dir\diskio.o
#        C:\Users\Enterprise\OneDrive\university\competition\camera_example\demo\iar\program\nor_sdram_zf_dtcm\Obj\sdk_device_3373403627085545761.dir\evkmimxrt1064_flexspi_nor_config.o
#        C:\Users\Enterprise\OneDrive\university\competition\camera_example\demo\iar\program\nor_sdram_zf_dtcm\Obj\sdk_device_3373403627085545761.dir\evkmimxrt1064_sdram_ini_dcd.o
#        C:\Users\Enterprise\OneDrive\university\competition\camera_example\demo\iar\program\nor_sdram_zf_dtcm\Obj\components_fatfs_6246014242642884545.dir\ff.o
#        C:\Users\Enterprise\OneDrive\university\competition\camera_example\demo\iar\program\nor_sdram_zf_dtcm\Obj\components_fatfs_6246014242642884545.dir\ffsystem.o
#        C:\Users\Enterprise\OneDrive\university\competition\camera_example\demo\iar\program\nor_sdram_zf_dtcm\Obj\components_fatfs_6246014242642884545.dir\ffunicode.o
#        C:\Users\Enterprise\OneDrive\university\competition\camera_example\demo\iar\program\nor_sdram_zf_dtcm\Obj\sdk_device_3373403627085545761.dir\fsl_adapter_lpuart.o
#        C:\Users\Enterprise\OneDrive\university\competition\camera_example\demo\iar\program\nor_sdram_zf_dtcm\Obj\sdk_drivers_13454894214809048885.dir\fsl_adc.o
#        C:\Users\Enterprise\OneDrive\university\competition\camera_example\demo\iar\program\nor_sdram_zf_dtcm\Obj\sdk_drivers_13454894214809048885.dir\fsl_adc_etc.o
#        C:\Users\Enterprise\OneDrive\university\competition\camera_example\demo\iar\program\nor_sdram_zf_dtcm\Obj\sdk_drivers_13454894214809048885.dir\fsl_aipstz.o
#        C:\Users\Enterprise\OneDrive\university\competition\camera_example\demo\iar\program\nor_sdram_zf_dtcm\Obj\sdk_drivers_13454894214809048885.dir\fsl_aoi.o
#        C:\Users\Enterprise\OneDrive\university\competition\camera_example\demo\iar\program\nor_sdram_zf_dtcm\Obj\sdk_device_3373403627085545761.dir\fsl_assert.o
#        C:\Users\Enterprise\OneDrive\university\competition\camera_example\demo\iar\program\nor_sdram_zf_dtcm\Obj\sdk_drivers_13454894214809048885.dir\fsl_bee.o
#        C:\Users\Enterprise\OneDrive\university\competition\camera_example\demo\iar\program\nor_sdram_zf_dtcm\Obj\sdk_drivers_13454894214809048885.dir\fsl_cache.o
#        C:\Users\Enterprise\OneDrive\university\competition\camera_example\demo\iar\program\nor_sdram_zf_dtcm\Obj\sdk_drivers_13454894214809048885.dir\fsl_clock.o
#        C:\Users\Enterprise\OneDrive\university\competition\camera_example\demo\iar\program\nor_sdram_zf_dtcm\Obj\sdk_drivers_13454894214809048885.dir\fsl_cmp.o
#        C:\Users\Enterprise\OneDrive\university\competition\camera_example\demo\iar\program\nor_sdram_zf_dtcm\Obj\sdk_drivers_13454894214809048885.dir\fsl_common.o
#        C:\Users\Enterprise\OneDrive\university\competition\camera_example\demo\iar\program\nor_sdram_zf_dtcm\Obj\sdk_drivers_13454894214809048885.dir\fsl_common_arm.o
#        C:\Users\Enterprise\OneDrive\university\competition\camera_example\demo\iar\program\nor_sdram_zf_dtcm\Obj\sdk_device_3373403627085545761.dir\fsl_component_generic_list.o
#        C:\Users\Enterprise\OneDrive\university\competition\camera_example\demo\iar\program\nor_sdram_zf_dtcm\Obj\sdk_drivers_13454894214809048885.dir\fsl_csi.o
#        C:\Users\Enterprise\OneDrive\university\competition\camera_example\demo\iar\program\nor_sdram_zf_dtcm\Obj\sdk_drivers_13454894214809048885.dir\fsl_dcdc.o
#        C:\Users\Enterprise\OneDrive\university\competition\camera_example\demo\iar\program\nor_sdram_zf_dtcm\Obj\sdk_drivers_13454894214809048885.dir\fsl_dcp.o
#        C:\Users\Enterprise\OneDrive\university\competition\camera_example\demo\iar\program\nor_sdram_zf_dtcm\Obj\sdk_device_3373403627085545761.dir\fsl_debug_console.o
#        C:\Users\Enterprise\OneDrive\university\competition\camera_example\demo\iar\program\nor_sdram_zf_dtcm\Obj\sdk_drivers_13454894214809048885.dir\fsl_dmamux.o
#        C:\Users\Enterprise\OneDrive\university\competition\camera_example\demo\iar\program\nor_sdram_zf_dtcm\Obj\sdk_drivers_13454894214809048885.dir\fsl_edma.o
#        C:\Users\Enterprise\OneDrive\university\competition\camera_example\demo\iar\program\nor_sdram_zf_dtcm\Obj\sdk_drivers_13454894214809048885.dir\fsl_elcdif.o
#        C:\Users\Enterprise\OneDrive\university\competition\camera_example\demo\iar\program\nor_sdram_zf_dtcm\Obj\sdk_drivers_13454894214809048885.dir\fsl_enc.o
#        C:\Users\Enterprise\OneDrive\university\competition\camera_example\demo\iar\program\nor_sdram_zf_dtcm\Obj\sdk_drivers_13454894214809048885.dir\fsl_enet.o
#        C:\Users\Enterprise\OneDrive\university\competition\camera_example\demo\iar\program\nor_sdram_zf_dtcm\Obj\sdk_drivers_13454894214809048885.dir\fsl_ewm.o
#        C:\Users\Enterprise\OneDrive\university\competition\camera_example\demo\iar\program\nor_sdram_zf_dtcm\Obj\sdk_drivers_13454894214809048885.dir\fsl_flexcan.o
#        C:\Users\Enterprise\OneDrive\university\competition\camera_example\demo\iar\program\nor_sdram_zf_dtcm\Obj\sdk_drivers_13454894214809048885.dir\fsl_flexcan_edma.o
#        C:\Users\Enterprise\OneDrive\university\competition\camera_example\demo\iar\program\nor_sdram_zf_dtcm\Obj\sdk_drivers_13454894214809048885.dir\fsl_flexio.o
#        C:\Users\Enterprise\OneDrive\university\competition\camera_example\demo\iar\program\nor_sdram_zf_dtcm\Obj\sdk_drivers_13454894214809048885.dir\fsl_flexio_camera.o
#        C:\Users\Enterprise\OneDrive\university\competition\camera_example\demo\iar\program\nor_sdram_zf_dtcm\Obj\sdk_drivers_13454894214809048885.dir\fsl_flexio_camera_edma.o
#        C:\Users\Enterprise\OneDrive\university\competition\camera_example\demo\iar\program\nor_sdram_zf_dtcm\Obj\sdk_drivers_13454894214809048885.dir\fsl_flexio_i2c_master.o
#        C:\Users\Enterprise\OneDrive\university\competition\camera_example\demo\iar\program\nor_sdram_zf_dtcm\Obj\sdk_drivers_13454894214809048885.dir\fsl_flexio_i2s.o
#        C:\Users\Enterprise\OneDrive\university\competition\camera_example\demo\iar\program\nor_sdram_zf_dtcm\Obj\sdk_drivers_13454894214809048885.dir\fsl_flexio_i2s_edma.o
#        C:\Users\Enterprise\OneDrive\university\competition\camera_example\demo\iar\program\nor_sdram_zf_dtcm\Obj\sdk_drivers_13454894214809048885.dir\fsl_flexio_mculcd.o
#        C:\Users\Enterprise\OneDrive\university\competition\camera_example\demo\iar\program\nor_sdram_zf_dtcm\Obj\sdk_drivers_13454894214809048885.dir\fsl_flexio_mculcd_edma.o
#        C:\Users\Enterprise\OneDrive\university\competition\camera_example\demo\iar\program\nor_sdram_zf_dtcm\Obj\sdk_drivers_13454894214809048885.dir\fsl_flexio_spi.o
#        C:\Users\Enterprise\OneDrive\university\competition\camera_example\demo\iar\program\nor_sdram_zf_dtcm\Obj\sdk_drivers_13454894214809048885.dir\fsl_flexio_spi_edma.o
#        C:\Users\Enterprise\OneDrive\university\competition\camera_example\demo\iar\program\nor_sdram_zf_dtcm\Obj\sdk_drivers_13454894214809048885.dir\fsl_flexio_uart.o
#        C:\Users\Enterprise\OneDrive\university\competition\camera_example\demo\iar\program\nor_sdram_zf_dtcm\Obj\sdk_drivers_13454894214809048885.dir\fsl_flexio_uart_edma.o
#        C:\Users\Enterprise\OneDrive\university\competition\camera_example\demo\iar\program\nor_sdram_zf_dtcm\Obj\sdk_drivers_13454894214809048885.dir\fsl_flexram.o
#        C:\Users\Enterprise\OneDrive\university\competition\camera_example\demo\iar\program\nor_sdram_zf_dtcm\Obj\sdk_drivers_13454894214809048885.dir\fsl_flexram_allocate.o
#        C:\Users\Enterprise\OneDrive\university\competition\camera_example\demo\iar\program\nor_sdram_zf_dtcm\Obj\sdk_drivers_13454894214809048885.dir\fsl_flexspi.o
#        C:\Users\Enterprise\OneDrive\university\competition\camera_example\demo\iar\program\nor_sdram_zf_dtcm\Obj\sdk_drivers_13454894214809048885.dir\fsl_flexspi_edma.o
#        C:\Users\Enterprise\OneDrive\university\competition\camera_example\demo\iar\program\nor_sdram_zf_dtcm\Obj\sdk_device_3373403627085545761.dir\fsl_flexspi_nor_boot.o
#        C:\Users\Enterprise\OneDrive\university\competition\camera_example\demo\iar\program\nor_sdram_zf_dtcm\Obj\sdk_drivers_13454894214809048885.dir\fsl_gpc.o
#        C:\Users\Enterprise\OneDrive\university\competition\camera_example\demo\iar\program\nor_sdram_zf_dtcm\Obj\sdk_drivers_13454894214809048885.dir\fsl_gpio.o
#        C:\Users\Enterprise\OneDrive\university\competition\camera_example\demo\iar\program\nor_sdram_zf_dtcm\Obj\sdk_drivers_13454894214809048885.dir\fsl_gpt.o
#        C:\Users\Enterprise\OneDrive\university\competition\camera_example\demo\iar\program\nor_sdram_zf_dtcm\Obj\sdk_drivers_13454894214809048885.dir\fsl_kpp.o
#        C:\Users\Enterprise\OneDrive\university\competition\camera_example\demo\iar\program\nor_sdram_zf_dtcm\Obj\sdk_drivers_13454894214809048885.dir\fsl_lpi2c.o
#        C:\Users\Enterprise\OneDrive\university\competition\camera_example\demo\iar\program\nor_sdram_zf_dtcm\Obj\sdk_drivers_13454894214809048885.dir\fsl_lpi2c_edma.o
#        C:\Users\Enterprise\OneDrive\university\competition\camera_example\demo\iar\program\nor_sdram_zf_dtcm\Obj\sdk_drivers_13454894214809048885.dir\fsl_lpspi.o
#        C:\Users\Enterprise\OneDrive\university\competition\camera_example\demo\iar\program\nor_sdram_zf_dtcm\Obj\sdk_drivers_13454894214809048885.dir\fsl_lpspi_edma.o
#        C:\Users\Enterprise\OneDrive\university\competition\camera_example\demo\iar\program\nor_sdram_zf_dtcm\Obj\sdk_drivers_13454894214809048885.dir\fsl_lpuart.o
#        C:\Users\Enterprise\OneDrive\university\competition\camera_example\demo\iar\program\nor_sdram_zf_dtcm\Obj\sdk_drivers_13454894214809048885.dir\fsl_lpuart_edma.o
#        C:\Users\Enterprise\OneDrive\university\competition\camera_example\demo\iar\program\nor_sdram_zf_dtcm\Obj\sdk_drivers_13454894214809048885.dir\fsl_ocotp.o
#        C:\Users\Enterprise\OneDrive\university\competition\camera_example\demo\iar\program\nor_sdram_zf_dtcm\Obj\sdk_device_3373403627085545761.dir\fsl_os_abstraction_bm.o
#        C:\Users\Enterprise\OneDrive\university\competition\camera_example\demo\iar\program\nor_sdram_zf_dtcm\Obj\sdk_drivers_13454894214809048885.dir\fsl_pit.o
#        C:\Users\Enterprise\OneDrive\university\competition\camera_example\demo\iar\program\nor_sdram_zf_dtcm\Obj\sdk_drivers_13454894214809048885.dir\fsl_pmu.o
#        C:\Users\Enterprise\OneDrive\university\competition\camera_example\demo\iar\program\nor_sdram_zf_dtcm\Obj\sdk_drivers_13454894214809048885.dir\fsl_pwm.o
#        C:\Users\Enterprise\OneDrive\university\competition\camera_example\demo\iar\program\nor_sdram_zf_dtcm\Obj\sdk_drivers_13454894214809048885.dir\fsl_pxp.o
#        C:\Users\Enterprise\OneDrive\university\competition\camera_example\demo\iar\program\nor_sdram_zf_dtcm\Obj\sdk_drivers_13454894214809048885.dir\fsl_qtmr.o
#        C:\Users\Enterprise\OneDrive\university\competition\camera_example\demo\iar\program\nor_sdram_zf_dtcm\Obj\sdk_drivers_13454894214809048885.dir\fsl_romapi.o
#        C:\Users\Enterprise\OneDrive\university\competition\camera_example\demo\iar\program\nor_sdram_zf_dtcm\Obj\sdk_drivers_13454894214809048885.dir\fsl_rtwdog.o
#        C:\Users\Enterprise\OneDrive\university\competition\camera_example\demo\iar\program\nor_sdram_zf_dtcm\Obj\sdk_drivers_13454894214809048885.dir\fsl_sai.o
#        C:\Users\Enterprise\OneDrive\university\competition\camera_example\demo\iar\program\nor_sdram_zf_dtcm\Obj\sdk_drivers_13454894214809048885.dir\fsl_sai_edma.o
#        C:\Users\Enterprise\OneDrive\university\competition\camera_example\demo\iar\program\nor_sdram_zf_dtcm\Obj\components_sdmmc_11335736203712880765.dir\fsl_sd.o
#        C:\Users\Enterprise\OneDrive\university\competition\camera_example\demo\iar\program\nor_sdram_zf_dtcm\Obj\components_fatfs_6246014242642884545.dir\fsl_sd_disk.o
#        C:\Users\Enterprise\OneDrive\university\competition\camera_example\demo\iar\program\nor_sdram_zf_dtcm\Obj\components_sdmmc_11335736203712880765.dir\fsl_sdmmc_common.o
#        C:\Users\Enterprise\OneDrive\university\competition\camera_example\demo\iar\program\nor_sdram_zf_dtcm\Obj\components_sdmmc_11335736203712880765.dir\fsl_sdmmc_host.o
#        C:\Users\Enterprise\OneDrive\university\competition\camera_example\demo\iar\program\nor_sdram_zf_dtcm\Obj\components_sdmmc_11335736203712880765.dir\fsl_sdmmc_osa.o
#        C:\Users\Enterprise\OneDrive\university\competition\camera_example\demo\iar\program\nor_sdram_zf_dtcm\Obj\sdk_drivers_13454894214809048885.dir\fsl_semc.o
#        C:\Users\Enterprise\OneDrive\university\competition\camera_example\demo\iar\program\nor_sdram_zf_dtcm\Obj\sdk_drivers_13454894214809048885.dir\fsl_snvs_hp.o
#        C:\Users\Enterprise\OneDrive\university\competition\camera_example\demo\iar\program\nor_sdram_zf_dtcm\Obj\sdk_drivers_13454894214809048885.dir\fsl_snvs_lp.o
#        C:\Users\Enterprise\OneDrive\university\competition\camera_example\demo\iar\program\nor_sdram_zf_dtcm\Obj\sdk_drivers_13454894214809048885.dir\fsl_spdif.o
#        C:\Users\Enterprise\OneDrive\university\competition\camera_example\demo\iar\program\nor_sdram_zf_dtcm\Obj\sdk_drivers_13454894214809048885.dir\fsl_spdif_edma.o
#        C:\Users\Enterprise\OneDrive\university\competition\camera_example\demo\iar\program\nor_sdram_zf_dtcm\Obj\sdk_drivers_13454894214809048885.dir\fsl_src.o
#        C:\Users\Enterprise\OneDrive\university\competition\camera_example\demo\iar\program\nor_sdram_zf_dtcm\Obj\sdk_drivers_13454894214809048885.dir\fsl_tempmon.o
#        C:\Users\Enterprise\OneDrive\university\competition\camera_example\demo\iar\program\nor_sdram_zf_dtcm\Obj\sdk_drivers_13454894214809048885.dir\fsl_trng.o
#        C:\Users\Enterprise\OneDrive\university\competition\camera_example\demo\iar\program\nor_sdram_zf_dtcm\Obj\sdk_drivers_13454894214809048885.dir\fsl_tsc.o
#        C:\Users\Enterprise\OneDrive\university\competition\camera_example\demo\iar\program\nor_sdram_zf_dtcm\Obj\sdk_drivers_13454894214809048885.dir\fsl_usdhc.o
#        C:\Users\Enterprise\OneDrive\university\competition\camera_example\demo\iar\program\nor_sdram_zf_dtcm\Obj\sdk_drivers_13454894214809048885.dir\fsl_wdog.o
#        C:\Users\Enterprise\OneDrive\university\competition\camera_example\demo\iar\program\nor_sdram_zf_dtcm\Obj\sdk_drivers_13454894214809048885.dir\fsl_xbara.o
#        C:\Users\Enterprise\OneDrive\university\competition\camera_example\demo\iar\program\nor_sdram_zf_dtcm\Obj\sdk_drivers_13454894214809048885.dir\fsl_xbarb.o
#        C:\Users\Enterprise\OneDrive\university\competition\camera_example\demo\iar\program\nor_sdram_zf_dtcm\Obj\user_c_11930989646151335152.dir\img_process.o
#        C:\Users\Enterprise\OneDrive\university\competition\camera_example\demo\iar\program\nor_sdram_zf_dtcm\Obj\user_c_11930989646151335152.dir\isr.o
#        C:\Users\Enterprise\OneDrive\university\competition\camera_example\demo\iar\program\nor_sdram_zf_dtcm\Obj\user_c_11930989646151335152.dir\main.o
#        C:\Users\Enterprise\OneDrive\university\competition\camera_example\demo\iar\program\nor_sdram_zf_dtcm\Obj\user_c_11930989646151335152.dir\pid.o
#        C:\Users\Enterprise\OneDrive\university\competition\camera_example\demo\iar\program\nor_sdram_zf_dtcm\Obj\components_sdmmc_11335736203712880765.dir\sdmmc_config.o
#        C:\Users\Enterprise\OneDrive\university\competition\camera_example\demo\iar\program\nor_sdram_zf_dtcm\Obj\sdk_device_3373403627085545761.dir\startup_MIMXRT1064.o
#        C:\Users\Enterprise\OneDrive\university\competition\camera_example\demo\iar\program\nor_sdram_zf_dtcm\Obj\sdk_device_3373403627085545761.dir\system_MIMXRT1064.o
#        C:\Users\Enterprise\OneDrive\university\competition\camera_example\demo\iar\program\nor_sdram_zf_dtcm\Obj\components_usb_17375887477349322284.dir\usb_device_cdc_acm.o
#        C:\Users\Enterprise\OneDrive\university\competition\camera_example\demo\iar\program\nor_sdram_zf_dtcm\Obj\components_usb_17375887477349322284.dir\usb_device_ch9.o
#        C:\Users\Enterprise\OneDrive\university\competition\camera_example\demo\iar\program\nor_sdram_zf_dtcm\Obj\components_usb_17375887477349322284.dir\usb_device_class.o
#        C:\Users\Enterprise\OneDrive\university\competition\camera_example\demo\iar\program\nor_sdram_zf_dtcm\Obj\components_usb_17375887477349322284.dir\usb_device_dci.o
#        C:\Users\Enterprise\OneDrive\university\competition\camera_example\demo\iar\program\nor_sdram_zf_dtcm\Obj\components_usb_17375887477349322284.dir\usb_device_descriptor.o
#        C:\Users\Enterprise\OneDrive\university\competition\camera_example\demo\iar\program\nor_sdram_zf_dtcm\Obj\components_usb_17375887477349322284.dir\usb_device_ehci.o
#        C:\Users\Enterprise\OneDrive\university\competition\camera_example\demo\iar\program\nor_sdram_zf_dtcm\Obj\components_usb_17375887477349322284.dir\usb_phy.o
#        C:\Users\Enterprise\OneDrive\university\competition\camera_example\demo\iar\program\nor_sdram_zf_dtcm\Obj\zf_common_1201165462030747823.dir\zf_common_clock.o
#        C:\Users\Enterprise\OneDrive\university\competition\camera_example\demo\iar\program\nor_sdram_zf_dtcm\Obj\zf_common_1201165462030747823.dir\zf_common_debug.o
#        C:\Users\Enterprise\OneDrive\university\competition\camera_example\demo\iar\program\nor_sdram_zf_dtcm\Obj\zf_common_1201165462030747823.dir\zf_common_fifo.o
#        C:\Users\Enterprise\OneDrive\university\competition\camera_example\demo\iar\program\nor_sdram_zf_dtcm\Obj\zf_common_1201165462030747823.dir\zf_common_font.o
#        C:\Users\Enterprise\OneDrive\university\competition\camera_example\demo\iar\program\nor_sdram_zf_dtcm\Obj\zf_common_1201165462030747823.dir\zf_common_function.o
#        C:\Users\Enterprise\OneDrive\university\competition\camera_example\demo\iar\program\nor_sdram_zf_dtcm\Obj\zf_common_1201165462030747823.dir\zf_common_interrupt.o
#        C:\Users\Enterprise\OneDrive\university\competition\camera_example\demo\iar\program\nor_sdram_zf_dtcm\Obj\zf_common_1201165462030747823.dir\zf_common_vector.o
#        C:\Users\Enterprise\OneDrive\university\competition\camera_example\demo\iar\program\nor_sdram_zf_dtcm\Obj\zf_device_6570275422786408770.dir\zf_device_absolute_encoder.o
#        C:\Users\Enterprise\OneDrive\university\competition\camera_example\demo\iar\program\nor_sdram_zf_dtcm\Obj\zf_device_6570275422786408770.dir\zf_device_bluetooth_ch9141.o
#        C:\Users\Enterprise\OneDrive\university\competition\camera_example\demo\iar\program\nor_sdram_zf_dtcm\Obj\zf_device_6570275422786408770.dir\zf_device_camera.o
#        C:\Users\Enterprise\OneDrive\university\competition\camera_example\demo\iar\program\nor_sdram_zf_dtcm\Obj\zf_device_6570275422786408770.dir\zf_device_detector.o
#        C:\Users\Enterprise\OneDrive\university\competition\camera_example\demo\iar\program\nor_sdram_zf_dtcm\Obj\zf_device_6570275422786408770.dir\zf_device_dl1a.o
#        C:\Users\Enterprise\OneDrive\university\competition\camera_example\demo\iar\program\nor_sdram_zf_dtcm\Obj\zf_device_6570275422786408770.dir\zf_device_dl1b.o
#        C:\Users\Enterprise\OneDrive\university\competition\camera_example\demo\iar\program\nor_sdram_zf_dtcm\Obj\zf_device_6570275422786408770.dir\zf_device_gps_tau1201.o
#        C:\Users\Enterprise\OneDrive\university\competition\camera_example\demo\iar\program\nor_sdram_zf_dtcm\Obj\zf_device_6570275422786408770.dir\zf_device_icm20602.o
#        C:\Users\Enterprise\OneDrive\university\competition\camera_example\demo\iar\program\nor_sdram_zf_dtcm\Obj\zf_device_6570275422786408770.dir\zf_device_imu660ra.o
#        C:\Users\Enterprise\OneDrive\university\competition\camera_example\demo\iar\program\nor_sdram_zf_dtcm\Obj\zf_device_6570275422786408770.dir\zf_device_imu963ra.o
#        C:\Users\Enterprise\OneDrive\university\competition\camera_example\demo\iar\program\nor_sdram_zf_dtcm\Obj\zf_device_6570275422786408770.dir\zf_device_ips114.o
#        C:\Users\Enterprise\OneDrive\university\competition\camera_example\demo\iar\program\nor_sdram_zf_dtcm\Obj\zf_device_6570275422786408770.dir\zf_device_ips200.o
#        C:\Users\Enterprise\OneDrive\university\competition\camera_example\demo\iar\program\nor_sdram_zf_dtcm\Obj\zf_device_6570275422786408770.dir\zf_device_key.o
#        C:\Users\Enterprise\OneDrive\university\competition\camera_example\demo\iar\program\nor_sdram_zf_dtcm\Obj\zf_device_6570275422786408770.dir\zf_device_mpu6050.o
#        C:\Users\Enterprise\OneDrive\university\competition\camera_example\demo\iar\program\nor_sdram_zf_dtcm\Obj\zf_device_6570275422786408770.dir\zf_device_mt9v03x.o
#        C:\Users\Enterprise\OneDrive\university\competition\camera_example\demo\iar\program\nor_sdram_zf_dtcm\Obj\zf_device_6570275422786408770.dir\zf_device_mt9v03x_flexio.o
#        C:\Users\Enterprise\OneDrive\university\competition\camera_example\demo\iar\program\nor_sdram_zf_dtcm\Obj\zf_device_6570275422786408770.dir\zf_device_oled.o
#        C:\Users\Enterprise\OneDrive\university\competition\camera_example\demo\iar\program\nor_sdram_zf_dtcm\Obj\zf_device_6570275422786408770.dir\zf_device_ov7725.o
#        C:\Users\Enterprise\OneDrive\university\competition\camera_example\demo\iar\program\nor_sdram_zf_dtcm\Obj\zf_device_6570275422786408770.dir\zf_device_scc8660.o
#        C:\Users\Enterprise\OneDrive\university\competition\camera_example\demo\iar\program\nor_sdram_zf_dtcm\Obj\zf_device_6570275422786408770.dir\zf_device_scc8660_flexio.o
#        C:\Users\Enterprise\OneDrive\university\competition\camera_example\demo\iar\program\nor_sdram_zf_dtcm\Obj\zf_device_6570275422786408770.dir\zf_device_tft180.o
#        C:\Users\Enterprise\OneDrive\university\competition\camera_example\demo\iar\program\nor_sdram_zf_dtcm\Obj\zf_device_6570275422786408770.dir\zf_device_tsl1401.o
#        C:\Users\Enterprise\OneDrive\university\competition\camera_example\demo\iar\program\nor_sdram_zf_dtcm\Obj\zf_device_6570275422786408770.dir\zf_device_type.o
#        C:\Users\Enterprise\OneDrive\university\competition\camera_example\demo\iar\program\nor_sdram_zf_dtcm\Obj\zf_device_6570275422786408770.dir\zf_device_virtual_oscilloscope.o
#        C:\Users\Enterprise\OneDrive\university\competition\camera_example\demo\iar\program\nor_sdram_zf_dtcm\Obj\zf_device_6570275422786408770.dir\zf_device_wifi_spi.o
#        C:\Users\Enterprise\OneDrive\university\competition\camera_example\demo\iar\program\nor_sdram_zf_dtcm\Obj\zf_device_6570275422786408770.dir\zf_device_wifi_uart.o
#        C:\Users\Enterprise\OneDrive\university\competition\camera_example\demo\iar\program\nor_sdram_zf_dtcm\Obj\zf_device_6570275422786408770.dir\zf_device_wireless_uart.o
#        C:\Users\Enterprise\OneDrive\university\competition\camera_example\demo\iar\program\nor_sdram_zf_dtcm\Obj\zf_driver_11922370083829174090.dir\zf_driver_adc.o
#        C:\Users\Enterprise\OneDrive\university\competition\camera_example\demo\iar\program\nor_sdram_zf_dtcm\Obj\zf_driver_11922370083829174090.dir\zf_driver_csi.o
#        C:\Users\Enterprise\OneDrive\university\competition\camera_example\demo\iar\program\nor_sdram_zf_dtcm\Obj\zf_driver_11922370083829174090.dir\zf_driver_delay.o
#        C:\Users\Enterprise\OneDrive\university\competition\camera_example\demo\iar\program\nor_sdram_zf_dtcm\Obj\zf_driver_11922370083829174090.dir\zf_driver_encoder.o
#        C:\Users\Enterprise\OneDrive\university\competition\camera_example\demo\iar\program\nor_sdram_zf_dtcm\Obj\zf_driver_11922370083829174090.dir\zf_driver_exti.o
#        C:\Users\Enterprise\OneDrive\university\competition\camera_example\demo\iar\program\nor_sdram_zf_dtcm\Obj\zf_driver_11922370083829174090.dir\zf_driver_flash.o
#        C:\Users\Enterprise\OneDrive\university\competition\camera_example\demo\iar\program\nor_sdram_zf_dtcm\Obj\zf_driver_11922370083829174090.dir\zf_driver_flexio_csi.o
#        C:\Users\Enterprise\OneDrive\university\competition\camera_example\demo\iar\program\nor_sdram_zf_dtcm\Obj\zf_driver_11922370083829174090.dir\zf_driver_gpio.o
#        C:\Users\Enterprise\OneDrive\university\competition\camera_example\demo\iar\program\nor_sdram_zf_dtcm\Obj\zf_driver_11922370083829174090.dir\zf_driver_iic.o
#        C:\Users\Enterprise\OneDrive\university\competition\camera_example\demo\iar\program\nor_sdram_zf_dtcm\Obj\zf_driver_11922370083829174090.dir\zf_driver_pit.o
#        C:\Users\Enterprise\OneDrive\university\competition\camera_example\demo\iar\program\nor_sdram_zf_dtcm\Obj\zf_driver_11922370083829174090.dir\zf_driver_pwm.o
#        C:\Users\Enterprise\OneDrive\university\competition\camera_example\demo\iar\program\nor_sdram_zf_dtcm\Obj\zf_driver_11922370083829174090.dir\zf_driver_romapi.o
#        C:\Users\Enterprise\OneDrive\university\competition\camera_example\demo\iar\program\nor_sdram_zf_dtcm\Obj\zf_driver_11922370083829174090.dir\zf_driver_sdio.o
#        C:\Users\Enterprise\OneDrive\university\competition\camera_example\demo\iar\program\nor_sdram_zf_dtcm\Obj\zf_driver_11922370083829174090.dir\zf_driver_soft_iic.o
#        C:\Users\Enterprise\OneDrive\university\competition\camera_example\demo\iar\program\nor_sdram_zf_dtcm\Obj\zf_driver_11922370083829174090.dir\zf_driver_soft_spi.o
#        C:\Users\Enterprise\OneDrive\university\competition\camera_example\demo\iar\program\nor_sdram_zf_dtcm\Obj\zf_driver_11922370083829174090.dir\zf_driver_spi.o
#        C:\Users\Enterprise\OneDrive\university\competition\camera_example\demo\iar\program\nor_sdram_zf_dtcm\Obj\zf_driver_11922370083829174090.dir\zf_driver_timer.o
#        C:\Users\Enterprise\OneDrive\university\competition\camera_example\demo\iar\program\nor_sdram_zf_dtcm\Obj\zf_driver_11922370083829174090.dir\zf_driver_uart.o
#        C:\Users\Enterprise\OneDrive\university\competition\camera_example\demo\iar\program\nor_sdram_zf_dtcm\Obj\zf_driver_11922370083829174090.dir\zf_driver_usb_cdc.o
#        --no_out_extension -o
#        C:\Users\Enterprise\OneDrive\university\competition\camera_example\demo\iar\program\nor_sdram_zf_dtcm\Exe\RT106X.out
#        --map
#        C:\Users\Enterprise\OneDrive\university\competition\camera_example\demo\iar\program\nor_sdram_zf_dtcm\List\RT106X.map
#        --config
#        C:\Users\Enterprise\OneDrive\university\competition\camera_example\demo\iar\program\..\..\IAR\icf\MIMXRT1064xxxxx_flexspi_nor.icf
#        --semihosting
#        C:\Users\Enterprise\OneDrive\university\competition\camera_example\demo\iar\program\..\..\..\libraries\zf_device\zf_device_config.a
#        --entry __iar_program_start --vfe --text_out locale --cpu=Cortex-M7
#        --fpu=VFPv5_d16) --dependencies=n
#        C:\Users\Enterprise\OneDrive\university\competition\camera_example\demo\iar\program\nor_sdram_zf_dtcm\Exe\RT106X.out.iar_deps
#
###############################################################################

*******************************************************************************
*** RUNTIME MODEL ATTRIBUTES
***

CppFlavor       = *
__CPP_Runtime   = 1
__Heap_Handler  = Basic
__SystemLibrary = DLib
__dlib_version  = 6


*******************************************************************************
*** HEAP SELECTION
***

The basic heap was selected because --advanced_heap
was not specified and the application did not appear to
be primarily optimized for speed.


*******************************************************************************
*** PLACEMENT SUMMARY
***

"A0":  place at address 0x7000'2000 { ro section .intvec };
"A2":  place at address 0x7000'0000 { section .boot_hdr.conf };
"A3":  place at address 0x7000'1000 { section .boot_hdr.ivt };
"A4":  place at address 0x7000'1020 { ro section .boot_hdr.boot_data };
"A5":  place at address 0x7000'1030 { ro section .boot_hdr.dcd_data };
"P1":  place in [from 0x7000'2000 to 0x7000'23ff] |
                [from 0x7000'2400 to 0x703f'ffff] { ro };
define block RW { first rw, section m_usb_dma_init_data };
"P2":  place in [from 0x8000'0000 to 0x8000'03ff] |
                [from 0x8000'0400 to 0x81df'ffff] { block RW };
define block SDRAM_VAR
   with alignment = 8 { section SDRAM_CACHE, section SDRAM_CACHE.init };
"P11": place in [from 0x8000'0000 to 0x8000'03ff] |
                [from 0x8000'0400 to 0x81df'ffff] { block SDRAM_VAR };
define block ZI
   with alignment = 32 { first zi, section m_usb_dma_noninit_data };
"P3":  place in [from 0x2000'0000 to 0x2006'efff] { block ZI };
"P4":  place in [from 0x2000'0000 to 0x2006'efff] { section .data };
"P5":  place in [from 0x2000'0000 to 0x2006'efff] { section .textrw };
define block DTCM_VAR
   with alignment = 8 { section NonCacheable, section NonCacheable.init };
"P9":  place in [from 0x2000'0000 to 0x2006'efff] { block DTCM_VAR };
define block CSTACK with size = 4K, alignment = 8 { };
"P7":  place in [from 0x2006'f000 to 0x2006'ffff] { block CSTACK };
initialize by copy { rw, section .textrw };
initialize by copy { ro }
   except {
      ro section .intvec, ro object system_MIMXRT1064.o,
      ro object startup_MIMXRT1064.o, section .boot_hdr.conf,
      section .boot_hdr.ivt, section .boot_hdr.boot_data,
      section .boot_hdr.dcd_data };
keep {
   section .boot_hdr.conf, section .boot_hdr.ivt, section .boot_hdr.boot_data,
   section .boot_hdr.dcd_data };

No sections matched the following patterns:

  section .intvec_RAM              in "A1"
  section .textrw                  in "P3-P5|P9"
  section ITCM_NonCacheable        in block ITCM_VAR
  section ITCM_NonCacheable.init   in block ITCM_VAR
  section NonCacheable.init        in block DTCM_VAR
  section OCRAM_CACHE              in block OCRAM_VAR
  section OCRAM_CACHE.init         in block OCRAM_VAR
  section SDRAM_CACHE              in block SDRAM_VAR
  section SDRAM_CACHE.init         in block SDRAM_VAR
  section SDRAM_NonCacheable       in block SDRAM_NCACHE_VAR
  section SDRAM_NonCacheable.init  in block SDRAM_NCACHE_VAR
  section m_usb_dma_init_data      in block RW
  section m_usb_dma_noninit_data   in block ZI


  Section              Kind         Address      Size  Object
  -------              ----         -------      ----  ------
"P3-P5|P9", part 1 of 2:                        0x111
  P3-P5|P9 s0                   0x2000'0000     0x111  <Init block>
    .data              inited   0x2000'0000      0x2c  zf_driver_gpio.o [9]
    .data              inited   0x2000'002c      0x28  zf_device_mt9v03x.o [8]
    .data              inited   0x2000'0054      0x24  zf_device_mt9v03x.o [8]
    .data              inited   0x2000'0078      0x24  zf_driver_uart.o [9]
    .data              inited   0x2000'009c      0x14  zf_driver_encoder.o [9]
    .data              inited   0x2000'00b0      0x14  zf_driver_pwm.o [9]
    .data              inited   0x2000'00c4      0x14  zf_driver_spi.o [9]
    .data              inited   0x2000'00d8       0x4  pid.o [6]
    .data              inited   0x2000'00dc       0x4  pid.o [6]
    .data              inited   0x2000'00e0       0x4  pid.o [6]
    .data              inited   0x2000'00e4       0x4  pid.o [6]
    .data              inited   0x2000'00e8       0x4  pid.o [6]
    .data              inited   0x2000'00ec       0x4  system_MIMXRT1064.o [4]
    .data              inited   0x2000'00f0       0x4  zf_common_clock.o [7]
    .data              inited   0x2000'00f4       0x4  zf_device_type.o [8]
    .data              inited   0x2000'00f8       0x4  zf_device_type.o [8]
    .data              inited   0x2000'00fc       0x4  zf_device_type.o [8]
    .data              inited   0x2000'0100       0x4  zf_device_type.o [8]
    .data              inited   0x2000'0104       0x4  zf_driver_flash.o [9]
    .data              inited   0x2000'0108       0x2  zf_device_tft180.o [8]
    .data              inited   0x2000'010a       0x2  zf_device_tft180.o [8]
    .data              inited   0x2000'010c       0x1  zf_common_debug.o [7]
    .data              inited   0x2000'010d       0x1  zf_device_mt9v03x.o [8]
    .data              inited   0x2000'010e       0x1  zf_device_tft180.o [8]
    .data              inited   0x2000'010f       0x1  zf_device_tft180.o [8]
    .data              inited   0x2000'0110       0x1  zf_device_tft180.o [8]
                              - 0x2000'0111     0x111

"P3-P5|P9", part 2 of 2:                     0x1'1170
  DTCM_VAR                      0x2000'0140    0xb088  <Block>
    NonCacheable       zero     0x2000'0140    0x5820  zf_device_mt9v03x.o [8]
    NonCacheable       zero     0x2000'5980    0x5820  zf_device_mt9v03x.o [8]
  ZI                            0x2000'b1a0    0x60e8  <Block>
    .bss               zero     0x2000'b1a0       0x4  fsl_clock.o [5]
    .bss               zero     0x2000'b1a4       0x4  fsl_clock.o [5]
    .bss               zero     0x2000'b1a8       0x4  fsl_csi.o [5]
    .bss               zero     0x2000'b1ac       0x4  fsl_csi.o [5]
    .bss               zero     0x2000'b1b0      0x14  fsl_debug_console.o [4]
    .bss               zero     0x2000'b1c4      0x80  fsl_edma.o [5]
    .bss               zero     0x2000'b244       0x8  fsl_enet.o [5]
    .bss               zero     0x2000'b24c       0x8  fsl_enet.o [5]
    .bss               zero     0x2000'b254       0x8  fsl_enet.o [5]
    .bss               zero     0x2000'b25c       0x8  fsl_enet.o [5]
    .bss               zero     0x2000'b264       0x8  fsl_enet.o [5]
    .bss               zero     0x2000'b26c       0x8  fsl_enet.o [5]
    .bss               zero     0x2000'b274      0x10  fsl_flexcan.o [5]
    .bss               zero     0x2000'b284       0x4  fsl_flexcan.o [5]
    .bss               zero     0x2000'b288       0x8  fsl_flexio.o [5]
    .bss               zero     0x2000'b290       0x8  fsl_flexio.o [5]
    .bss               zero     0x2000'b298       0x8  fsl_flexio.o [5]
    .bss               zero     0x2000'b2a0       0x4  fsl_lpi2c.o [5]
    .bss               zero     0x2000'b2a4      0x14  fsl_lpi2c.o [5]
    .bss               zero     0x2000'b2b8       0x4  fsl_lpi2c.o [5]
    .bss               zero     0x2000'b2bc      0x14  fsl_lpi2c.o [5]
    .bss               zero     0x2000'b2d0      0x14  fsl_lpspi.o [5]
    .bss               zero     0x2000'b2e4       0x4  fsl_lpspi.o [5]
    .bss               zero     0x2000'b2e8       0x4  fsl_lpspi.o [5]
    .bss               zero     0x2000'b2ec       0x8  fsl_lpspi.o [5]
    .bss               zero     0x2000'b2f4      0x24  fsl_lpuart.o [5]
    .bss               zero     0x2000'b318       0x4  fsl_lpuart.o [5]
    .bss               zero     0x2000'b31c      0x20  fsl_sai.o [5]
    .bss               zero     0x2000'b33c       0x4  fsl_sai.o [5]
    .bss               zero     0x2000'b340       0x4  fsl_sai.o [5]
    .bss               zero     0x2000'b344       0x8  fsl_spdif.o [5]
    .bss               zero     0x2000'b34c       0x4  fsl_spdif.o [5]
    .bss               zero     0x2000'b350       0x4  fsl_spdif.o [5]
    .bss               zero     0x2000'b354       0xc  fsl_usdhc.o [5]
    .bss               zero     0x2000'b360       0x4  fsl_usdhc.o [5]
    .bss               zero     0x2000'b364    0x5820  main.o [6]
    .bss               zero     0x2001'0b84     0x200  main.o [6]
    .bss               zero     0x2001'0d84      0x78  main.o [6]
    .bss               zero     0x2001'0dfc      0x78  main.o [6]
    .bss               zero     0x2001'0e74      0x78  main.o [6]
    .bss               zero     0x2001'0eec       0x4  pid.o [6]
    .bss               zero     0x2001'0ef0       0x4  pid.o [6]
    .bss               zero     0x2001'0ef4       0x4  pid.o [6]
    .bss               zero     0x2001'0ef8      0x34  pid.o [6]
    .bss               zero     0x2001'0f2c      0x34  pid.o [6]
    .bss               zero     0x2001'0f60      0x40  zf_common_debug.o [7]
    .bss               zero     0x2001'0fa0      0x18  zf_common_debug.o [7]
    .bss               zero     0x2001'0fb8      0x14  zf_common_debug.o [7]
    .bss               zero     0x2001'0fcc       0x4  zf_common_interrupt.o [7]
    .bss               zero     0x2001'0fd0      0x18  zf_device_camera.o [8]
    .bss               zero     0x2001'0fe8       0x8  zf_device_camera.o [8]
    .bss               zero     0x2001'0ff0       0x4  zf_device_mt9v03x.o [8]
    .bss               zero     0x2001'0ff4      0x38  zf_driver_csi.o [9]
    .bss               zero     0x2001'102c     0x200  zf_driver_flash.o [9]
    .bss               zero     0x2001'122c       0x4  zf_driver_romapi.o [9]
    .bss               zero     0x2001'1230       0xc  zf_driver_spi.o [9]
    .bss               zero     0x2001'123c      0x10  zf_driver_usb_cdc.o [9]
    .bss               zero     0x2001'124c      0x14  zf_device_config.o [14]
    .bss               zero     0x2001'1260      0x10  zf_device_config.o [14]
    .bss               zero     0x2001'1270       0x4  zf_device_config.o [14]
    .bss               zero     0x2001'1274       0x4  zf_device_config.o [14]
    .bss               zero     0x2001'1278       0x2  isr.o [6]
    .bss               zero     0x2001'127a       0x2  isr.o [6]
    .bss               zero     0x2001'127c       0x2  zf_device_mt9v03x.o [8]
    .bss               zero     0x2001'127e       0x1  zf_common_debug.o [7]
    .bss               zero     0x2001'127f       0x1  zf_common_debug.o [7]
    .bss               zero     0x2001'1280       0x1  zf_common_debug.o [7]
    .bss               zero     0x2001'1281       0x1  zf_device_mt9v03x.o [8]
    .bss               zero     0x2001'1282       0x1  zf_device_tft180.o [8]
    .bss               zero     0x2001'1283       0x1  zf_device_type.o [8]
    .bss               zero     0x2001'1284       0x1  zf_driver_pit.o [9]
                              - 0x2001'1288  0x1'1170

"P7":                                          0x1000
  CSTACK                        0x2006'f000    0x1000  <Block>
    CSTACK             uninit   0x2006'f000    0x1000  <Block tail>
                              - 0x2007'0000    0x1000

"A2":                                           0x200
  .boot_hdr.conf       const    0x7000'0000     0x200  evkmimxrt1064_flexspi_nor_config.o [4]
                              - 0x7000'0200     0x200

"A3":                                            0x20
  .boot_hdr.ivt        const    0x7000'1000      0x20  fsl_flexspi_nor_boot.o [4]
                              - 0x7000'1020      0x20

"A4":                                            0x10
  .boot_hdr.boot_data  const    0x7000'1020      0x10  fsl_flexspi_nor_boot.o [4]
                              - 0x7000'1030      0x10

"A5":                                           0x410
  .boot_hdr.dcd_data   const    0x7000'1030     0x410  evkmimxrt1064_sdram_ini_dcd.o [4]
                              - 0x7000'1440     0x410

"A0":                                           0x440
  .intvec              const    0x7000'2000     0x400  zf_common_vector.o [7]
  .intvec              ro code  0x7000'2400      0x40  vector_table_M.o [12]
                              - 0x7000'2440     0x440

"P1":                                          0x9c2c
  .text                ro code  0x7000'2440     0x1f8  lz77_init.o [12]
  .text                ro code  0x7000'2638       0x6  abort.o [10]
  .text                ro code  0x7000'2640      0x14  exit.o [13]
  .text                ro code  0x7000'2654     0x124  system_MIMXRT1064.o [4]
  .text                ro code  0x7000'2778       0x2  system_MIMXRT1064.o [4]
  .text                ro code  0x7000'277c      0x6c  startup_MIMXRT1064.o [4]
  .text                ro code  0x7000'27e8      0x38  zero_init3.o [12]
  .text                ro code  0x7000'2820      0x28  data_init.o [12]
  .text                ro code  0x7000'2848      0x22  fpinit_M.o [11]
  .iar.init_table      const    0x7000'286c      0x50  - Linker created -
  Veneer               ro code  0x7000'28bc       0x8  - Linker created -
  Veneer               ro code  0x7000'28c4       0x8  - Linker created -
  .text                ro code  0x7000'28cc      0x1e  cmain.o [12]
  .text                ro code  0x7000'28ea       0x4  low_level_init.o [10]
  .text                ro code  0x7000'28f0      0x1c  cstartup_M.o [12]
  .rodata              const    0x7000'290c       0x0  zero_init3.o [12]
  .rodata              const    0x7000'290c       0x0  lz77_init.o [12]
  Initializer bytes    const    0x7000'290c    0x9693  <for rw-1>
  Initializer bytes    const    0x7000'bf9f      0xcd  <for P3-P5|P9 s0>
                              - 0x7000'c06c    0x9c2c

"P2|P11":                                      0xee56
  RW                            0x8000'0400    0xee56  <Block>
    rw-1                        0x8000'0400    0xee56  <Init block>
      .rodata          inited   0x8000'0400     0x420  pow64.o [11]
      .rodata          inited   0x8000'0820      0x18  clock_config.o [4]
      .rodata          inited   0x8000'0838      0x64  clock_config.o [4]
      .rodata          inited   0x8000'089c      0x10  clock_config.o [4]
      .rodata          inited   0x8000'08ac       0x8  clock_config.o [4]
      .rodata          inited   0x8000'08b4      0x2c  fsl_assert.o [4]
      .rodata          inited   0x8000'08e0      0x10  fsl_clock.o [5]
      .rodata          inited   0x8000'08f0      0x64  fsl_clock.o [5]
      .rodata          inited   0x8000'0954      0x10  fsl_clock.o [5]
      .rodata          inited   0x8000'0964      0x10  fsl_csi.o [5]
      .rodata          inited   0x8000'0974      0x64  fsl_csi.o [5]
      .rodata          inited   0x8000'09d8      0x3c  fsl_csi.o [5]
      .rodata          inited   0x8000'0a14      0x64  fsl_csi.o [5]
      .rodata          inited   0x8000'0a78       0xc  fsl_csi.o [5]
      .rodata          inited   0x8000'0a84       0xc  fsl_csi.o [5]
      .rodata          inited   0x8000'0a90       0x4  fsl_csi.o [5]
      .rodata          inited   0x8000'0a94      0x64  fsl_edma.o [5]
      .rodata          inited   0x8000'0af8      0x1c  fsl_edma.o [5]
      .rodata          inited   0x8000'0b14       0xc  fsl_edma.o [5]
      .rodata          inited   0x8000'0b20      0x3c  fsl_enet.o [5]
      .rodata          inited   0x8000'0b5c      0x64  fsl_enet.o [5]
      .rodata          inited   0x8000'0bc0       0x8  fsl_enet.o [5]
      .rodata          inited   0x8000'0bc8      0x68  fsl_flexcan.o [5]
      .rodata          inited   0x8000'0c30      0x18  fsl_flexcan.o [5]
      .rodata          inited   0x8000'0c48      0x18  fsl_flexcan.o [5]
      .rodata          inited   0x8000'0c60      0x18  fsl_flexcan.o [5]
      .rodata          inited   0x8000'0c78      0x10  fsl_gpio.o [5]
      .rodata          inited   0x8000'0c88      0x64  fsl_gpio.o [5]
      .rodata          inited   0x8000'0cec      0x3c  fsl_gpio.o [5]
      .rodata          inited   0x8000'0d28      0x64  fsl_gpio.o [5]
      .rodata          inited   0x8000'0d8c       0xc  fsl_gpio.o [5]
      .rodata          inited   0x8000'0d98      0x2c  fsl_gpio.o [5]
      .rodata          inited   0x8000'0dc4       0xc  fsl_gpio.o [5]
      .rodata          inited   0x8000'0dd0      0x10  fsl_gpt.o [5]
      .rodata          inited   0x8000'0de0      0x64  fsl_gpt.o [5]
      .rodata          inited   0x8000'0e44      0x1c  fsl_gpt.o [5]
      .rodata          inited   0x8000'0e60      0x64  fsl_gpt.o [5]
      .rodata          inited   0x8000'0ec4      0x3c  fsl_gpt.o [5]
      .rodata          inited   0x8000'0f00      0x64  fsl_gpt.o [5]
      .rodata          inited   0x8000'0f64      0x10  fsl_gpt.o [5]
      .rodata          inited   0x8000'0f74       0xc  fsl_gpt.o [5]
      .rodata          inited   0x8000'0f80       0xc  fsl_gpt.o [5]
      .rodata          inited   0x8000'0f8c       0x8  fsl_gpt.o [5]
      .rodata          inited   0x8000'0f94      0x10  fsl_lpspi.o [5]
      .rodata          inited   0x8000'0fa4      0x64  fsl_lpspi.o [5]
      .rodata          inited   0x8000'1008      0x40  fsl_lpspi.o [5]
      .rodata          inited   0x8000'1048      0x64  fsl_lpspi.o [5]
      .rodata          inited   0x8000'10ac      0x14  fsl_lpspi.o [5]
      .rodata          inited   0x8000'10c0      0x18  fsl_lpspi.o [5]
      .rodata          inited   0x8000'10d8      0x10  fsl_lpspi.o [5]
      .rodata          inited   0x8000'10e8       0xc  fsl_lpspi.o [5]
      .rodata          inited   0x8000'10f4       0xc  fsl_lpspi.o [5]
      .rodata          inited   0x8000'1100      0x18  fsl_lpspi.o [5]
      .rodata          inited   0x8000'1118      0x18  fsl_lpspi.o [5]
      .rodata          inited   0x8000'1130      0x18  fsl_lpspi.o [5]
      .rodata          inited   0x8000'1148      0x18  fsl_lpspi.o [5]
      .rodata          inited   0x8000'1160       0x8  fsl_lpspi.o [5]
      .rodata          inited   0x8000'1168      0x14  fsl_lpspi.o [5]
      .rodata          inited   0x8000'117c       0xc  fsl_lpspi.o [5]
      .rodata          inited   0x8000'1188      0x10  fsl_lpuart.o [5]
      .rodata          inited   0x8000'1198      0x64  fsl_lpuart.o [5]
      .rodata          inited   0x8000'11fc      0x40  fsl_lpuart.o [5]
      .rodata          inited   0x8000'123c      0x68  fsl_lpuart.o [5]
      .rodata          inited   0x8000'12a4       0xc  fsl_lpuart.o [5]
      .rodata          inited   0x8000'12b0       0xc  fsl_lpuart.o [5]
      .rodata          inited   0x8000'12bc      0x1c  fsl_lpuart.o [5]
      .rodata          inited   0x8000'12d8      0x28  fsl_lpuart.o [5]
      .rodata          inited   0x8000'1300      0x28  fsl_lpuart.o [5]
      .rodata          inited   0x8000'1328      0x24  fsl_lpuart.o [5]
      .rodata          inited   0x8000'134c      0x14  fsl_lpuart.o [5]
      .rodata          inited   0x8000'1360      0x10  fsl_pit.o [5]
      .rodata          inited   0x8000'1370      0x64  fsl_pit.o [5]
      .rodata          inited   0x8000'13d4      0x3c  fsl_pit.o [5]
      .rodata          inited   0x8000'1410      0x64  fsl_pit.o [5]
      .rodata          inited   0x8000'1474       0xc  fsl_pit.o [5]
      .rodata          inited   0x8000'1480       0x4  fsl_pit.o [5]
      .rodata          inited   0x8000'1484      0x10  fsl_pwm.o [5]
      .rodata          inited   0x8000'1494      0x64  fsl_pwm.o [5]
      .rodata          inited   0x8000'14f8      0x3c  fsl_pwm.o [5]
      .rodata          inited   0x8000'1534      0x64  fsl_pwm.o [5]
      .rodata          inited   0x8000'1598       0x8  fsl_pwm.o [5]
      .rodata          inited   0x8000'15a0       0xc  fsl_pwm.o [5]
      .rodata          inited   0x8000'15ac       0xc  fsl_pwm.o [5]
      .rodata          inited   0x8000'15b8       0xc  fsl_pwm.o [5]
      .rodata          inited   0x8000'15c4       0xc  fsl_pwm.o [5]
      .rodata          inited   0x8000'15d0      0x1c  fsl_pwm.o [5]
      .rodata          inited   0x8000'15ec      0x14  fsl_pwm.o [5]
      .rodata          inited   0x8000'1600      0x28  fsl_pwm.o [5]
      .rodata          inited   0x8000'1628      0x10  fsl_qtmr.o [5]
      .rodata          inited   0x8000'1638      0x64  fsl_qtmr.o [5]
      .rodata          inited   0x8000'169c      0x3c  fsl_qtmr.o [5]
      .rodata          inited   0x8000'16d8      0x64  fsl_qtmr.o [5]
      .rodata          inited   0x8000'173c       0xc  fsl_qtmr.o [5]
      .rodata          inited   0x8000'1748      0x14  fsl_qtmr.o [5]
      .rodata          inited   0x8000'175c       0xc  fsl_qtmr.o [5]
      .rodata          inited   0x8000'1768      0x64  fsl_sai.o [5]
      .rodata          inited   0x8000'17cc      0x18  fsl_sai.o [5]
      .rodata          inited   0x8000'17e4      0x18  fsl_sai.o [5]
      .rodata          inited   0x8000'17fc       0xc  fsl_usdhc.o [5]
      .rodata          inited   0x8000'1808      0x10  main.o [6]
      .rodata          inited   0x8000'1818      0x10  main.o [6]
      .rodata          inited   0x8000'1828       0x4  main.o [6]
      .rodata          inited   0x8000'182c       0xc  zf_common_debug.o [7]
      .rodata          inited   0x8000'1838      0x10  zf_common_debug.o [7]
      .rodata          inited   0x8000'1848       0xc  zf_common_debug.o [7]
      .rodata          inited   0x8000'1854      0x1c  zf_common_debug.o [7]
      .rodata          inited   0x8000'1870      0x18  zf_common_debug.o [7]
      .rodata          inited   0x8000'1888      0x10  zf_common_debug.o [7]
      .rodata          inited   0x8000'1898       0xc  zf_common_debug.o [7]
      .rodata          inited   0x8000'18a4      0x68  zf_common_fifo.o [7]
      .rodata          inited   0x8000'190c     0x5f0  zf_common_font.o [7]
      .rodata          inited   0x8000'1efc     0x228  zf_common_font.o [7]
      .rodata          inited   0x8000'2124      0x6c  zf_common_function.o [7]
      .rodata          inited   0x8000'2190      0x1c  zf_device_mt9v03x.o [8]
      .rodata          inited   0x8000'21ac      0x6c  zf_device_mt9v03x.o [8]
      .rodata          inited   0x8000'2218      0x1c  zf_device_mt9v03x.o [8]
      .rodata          inited   0x8000'2234      0x6c  zf_device_tft180.o [8]
      .rodata          inited   0x8000'22a0      0x18  zf_driver_csi.o [9]
      .rodata          inited   0x8000'22b8      0x64  zf_driver_csi.o [9]
      .rodata          inited   0x8000'231c      0x68  zf_driver_csi.o [9]
      .rodata          inited   0x8000'2384      0x28  zf_driver_delay.o [9]
      .rodata          inited   0x8000'23ac      0x64  zf_driver_delay.o [9]
      .rodata          inited   0x8000'2410      0x6c  zf_driver_encoder.o [9]
      .rodata          inited   0x8000'247c       0xc  zf_driver_gpio.o [9]
      .rodata          inited   0x8000'2488      0x64  zf_driver_gpio.o [9]
      .rodata          inited   0x8000'24ec       0xc  zf_driver_pit.o [9]
      .rodata          inited   0x8000'24f8      0x64  zf_driver_pit.o [9]
      .rodata          inited   0x8000'255c       0xc  zf_driver_pit.o [9]
      .rodata          inited   0x8000'2568      0x68  zf_driver_pwm.o [9]
      .rodata          inited   0x8000'25d0      0x6c  zf_driver_soft_iic.o [9]
      .rodata          inited   0x8000'263c      0x18  zf_driver_spi.o [9]
      .rodata          inited   0x8000'2654      0x64  zf_driver_spi.o [9]
      .rodata          inited   0x8000'26b8      0x68  zf_driver_spi.o [9]
      .rodata          inited   0x8000'2720      0x68  zf_driver_uart.o [9]
      .text            inited   0x8000'2788     0x2ac  board.o [4]
      .text            inited   0x8000'2a34     0x6f8  clock_config.o [4]
      .text            inited   0x8000'312c      0x1c  fsl_assert.o [4]
      .text            inited   0x8000'3148     0x820  fsl_clock.o [5]
      .text            inited   0x8000'3968     0x668  fsl_csi.o [5]
      .text            inited   0x8000'3fd0     0xb2c  fsl_debug_console.o [4]
      .text            inited   0x8000'4afc     0x4d0  fsl_edma.o [5]
      .text            inited   0x8000'4fcc     0x150  fsl_enet.o [5]
      .text            inited   0x8000'511c      0xa4  fsl_flexcan.o [5]
      .text            inited   0x8000'51c0      0x68  fsl_flexio.o [5]
      .text            inited   0x8000'5228     0x216  fsl_gpio.o [5]
      .text            inited   0x8000'5440     0x24c  fsl_gpt.o [5]
      .text            inited   0x8000'568c      0x94  fsl_lpi2c.o [5]
      .text            inited   0x8000'5720     0xc38  fsl_lpspi.o [5]
      .text            inited   0x8000'6358     0x55c  fsl_lpuart.o [5]
      .text            inited   0x8000'68b4     0x164  fsl_pit.o [5]
      .text            inited   0x8000'6a18     0xb28  fsl_pwm.o [5]
      .text            inited   0x8000'7540     0x1e4  fsl_qtmr.o [5]
      .text            inited   0x8000'7724     0x148  fsl_sai.o [5]
      .text            inited   0x8000'786c      0x48  fsl_spdif.o [5]
      .text            inited   0x8000'78b4      0x38  fsl_usdhc.o [5]
      .text            inited   0x8000'78ec     0x4d6  img_process.o [6]
      .text            inited   0x8000'7dc4     0x34c  isr.o [6]
      .text            inited   0x8000'8110     0x29c  main.o [6]
      .text            inited   0x8000'83ac     0x166  pid.o [6]
      .text            inited   0x8000'8514     0x176  usb_device_dci.o [3]
      .text            inited   0x8000'868c     0x5d0  usb_device_ehci.o [3]
      .text            inited   0x8000'8c5c      0x20  zf_common_clock.o [7]
      .text            inited   0x8000'8c7c     0x540  zf_common_debug.o [7]
      .text            inited   0x8000'91bc     0x56c  zf_common_fifo.o [7]
      .text            inited   0x8000'9728     0x230  zf_common_function.o [7]
      .text            inited   0x8000'9958      0xc4  zf_common_interrupt.o [7]
      .text            inited   0x8000'9a1c      0x1c  zf_device_camera.o [8]
      .text            inited   0x8000'9a38     0x3b8  zf_device_mt9v03x.o [8]
      .text            inited   0x8000'9df0     0xcb8  zf_device_tft180.o [8]
      .text            inited   0x8000'aaa8      0x2c  zf_device_type.o [8]
      .text            inited   0x8000'aad4     0x478  zf_driver_csi.o [9]
      .text            inited   0x8000'af4c      0xc8  zf_driver_delay.o [9]
      .text            inited   0x8000'b014     0x5a4  zf_driver_encoder.o [9]
      .text            inited   0x8000'b5b8      0x30  zf_driver_flash.o [9]
      .text            inited   0x8000'b5e8     0x2e4  zf_driver_gpio.o [9]
      .text            inited   0x8000'b8cc     0x190  zf_driver_pit.o [9]
      .text            inited   0x8000'ba5c     0x90c  zf_driver_pwm.o [9]
      .text            inited   0x8000'c368      0x30  zf_driver_romapi.o [9]
      .text            inited   0x8000'c398     0x658  zf_driver_soft_iic.o [9]
      .text            inited   0x8000'c9f0     0x994  zf_driver_spi.o [9]
      .text            inited   0x8000'd384     0x5cc  zf_driver_uart.o [9]
      .text            inited   0x8000'd950      0x20  zf_driver_usb_cdc.o [9]
      .text            inited   0x8000'd970     0x6ac  zf_device_config.o [14]
      .text            inited   0x8000'e01c      0xa6  ABImemcpy.o [12]
      .text            inited   0x8000'e0c4      0x66  ABImemset.o [12]
      .text            inited   0x8000'e12c     0x274  I64DivMod.o [12]
      .text            inited   0x8000'e3a0      0x66  DblToS64.o [11]
      .text            inited   0x8000'e408      0x54  S64ToDbl.o [11]
      .text            inited   0x8000'e45c      0x9e  modf.o [11]
      .text            inited   0x8000'e4fc     0x510  pow64.o [11]
      .text            inited   0x8000'ea0c      0x36  strlen.o [12]
      .text            inited   0x8000'ea44      0x40  sprintf.o [10]
      .text            inited   0x8000'ea84       0x2  I64DivZer.o [12]
      .text            inited   0x8000'ea88     0x2c0  iar_Exp64.o [11]
      .text            inited   0x8000'ed48      0x7c  frexp.o [11]
      .text            inited   0x8000'edc4      0xf0  ldexp.o [11]
      Veneer           inited   0x8000'eeb4       0x8  - Linker created -
      .text            inited   0x8000'eebc       0xa  cexit.o [12]
      .rodata          inited   0x8000'eec6       0x2  fsl_csi.o [5]
      .rodata          inited   0x8000'eec8       0x2  fsl_csi.o [5]
      .rodata          inited   0x8000'eeca       0x2  fsl_pit.o [5]
      .text            inited   0x8000'eecc      0x10  zf_common_vector.o [7]
      .text            inited   0x8000'eedc       0x8  zf_common_vector.o [7]
      .text            inited   0x8000'eee4       0x8  zf_common_vector.o [7]
      .text            inited   0x8000'eeec       0x8  zf_common_vector.o [7]
      .text            inited   0x8000'eef4       0x8  zf_common_vector.o [7]
      .text            inited   0x8000'eefc       0x8  zf_common_vector.o [7]
      .text            inited   0x8000'ef04       0x8  zf_common_vector.o [7]
      .text            inited   0x8000'ef0c       0x8  zf_common_vector.o [7]
      .text            inited   0x8000'ef14       0x8  zf_common_vector.o [7]
      .text            inited   0x8000'ef1c       0x8  zf_common_vector.o [7]
      .text            inited   0x8000'ef24       0x8  zf_common_vector.o [7]
      .text            inited   0x8000'ef2c       0x8  zf_common_vector.o [7]
      .text            inited   0x8000'ef34       0x8  zf_common_vector.o [7]
      .text            inited   0x8000'ef3c       0x8  zf_common_vector.o [7]
      .text            inited   0x8000'ef44       0x8  zf_common_vector.o [7]
      .text            inited   0x8000'ef4c       0x8  zf_common_vector.o [7]
      .text            inited   0x8000'ef54       0x8  zf_common_vector.o [7]
      .text            inited   0x8000'ef5c       0x8  zf_common_vector.o [7]
      .text            inited   0x8000'ef64       0x2  zf_common_vector.o [7]
      .text            inited   0x8000'ef66       0x2  zf_common_vector.o [7]
      .text            inited   0x8000'ef68       0x2  zf_common_vector.o [7]
      .text            inited   0x8000'ef6a       0x8  zf_common_vector.o [7]
      .text            inited   0x8000'ef72       0x8  zf_common_vector.o [7]
      .text            inited   0x8000'ef7a       0x8  zf_common_vector.o [7]
      .text            inited   0x8000'ef82       0x8  zf_common_vector.o [7]
      .text            inited   0x8000'ef8a       0x8  zf_common_vector.o [7]
      .text            inited   0x8000'ef92       0x8  zf_common_vector.o [7]
      .text            inited   0x8000'ef9a       0x8  zf_common_vector.o [7]
      .text            inited   0x8000'efa2       0x8  zf_common_vector.o [7]
      .text            inited   0x8000'efaa       0x8  zf_common_vector.o [7]
      .text            inited   0x8000'efb2       0x8  zf_common_vector.o [7]
      .text            inited   0x8000'efba       0x8  zf_common_vector.o [7]
      .text            inited   0x8000'efc2       0x2  zf_common_vector.o [7]
      .text            inited   0x8000'efc4       0x2  zf_common_vector.o [7]
      .text            inited   0x8000'efc6       0x2  zf_common_vector.o [7]
      .text            inited   0x8000'efc8       0x2  zf_common_vector.o [7]
      .text            inited   0x8000'efca       0x2  zf_common_vector.o [7]
      .text            inited   0x8000'efcc       0x2  zf_common_vector.o [7]
      .text            inited   0x8000'efce       0x2  zf_common_vector.o [7]
      .text            inited   0x8000'efd0       0x2  zf_common_vector.o [7]
      .text            inited   0x8000'efd2       0x2  zf_common_vector.o [7]
      .text            inited   0x8000'efd4       0x2  zf_common_vector.o [7]
      .text            inited   0x8000'efd6       0x2  zf_common_vector.o [7]
      .text            inited   0x8000'efd8       0x2  zf_common_vector.o [7]
      .text            inited   0x8000'efda       0x2  zf_common_vector.o [7]
      .text            inited   0x8000'efdc       0x2  zf_common_vector.o [7]
      .text            inited   0x8000'efde       0x2  zf_common_vector.o [7]
      .text            inited   0x8000'efe0       0x2  zf_common_vector.o [7]
      .text            inited   0x8000'efe2       0x2  zf_common_vector.o [7]
      .text            inited   0x8000'efe4       0x8  zf_common_vector.o [7]
      .text            inited   0x8000'efec       0x8  zf_common_vector.o [7]
      .text            inited   0x8000'eff4       0x8  zf_common_vector.o [7]
      .text            inited   0x8000'effc       0x8  zf_common_vector.o [7]
      .text            inited   0x8000'f004       0x8  zf_common_vector.o [7]
      .text            inited   0x8000'f00c       0x2  zf_common_vector.o [7]
      .text            inited   0x8000'f00e       0x2  zf_common_vector.o [7]
      .text            inited   0x8000'f010       0x2  zf_common_vector.o [7]
      .text            inited   0x8000'f012       0x2  zf_common_vector.o [7]
      .text            inited   0x8000'f014       0x2  zf_common_vector.o [7]
      .text            inited   0x8000'f016       0x2  zf_common_vector.o [7]
      .text            inited   0x8000'f018       0x2  zf_common_vector.o [7]
      .text            inited   0x8000'f01a       0x2  zf_common_vector.o [7]
      .text            inited   0x8000'f01c       0x2  zf_common_vector.o [7]
      .text            inited   0x8000'f01e       0x2  zf_common_vector.o [7]
      .text            inited   0x8000'f020       0x2  zf_common_vector.o [7]
      .text            inited   0x8000'f022       0x2  zf_common_vector.o [7]
      .text            inited   0x8000'f024       0x2  zf_common_vector.o [7]
      .text            inited   0x8000'f026       0x2  zf_common_vector.o [7]
      .text            inited   0x8000'f028       0x2  zf_common_vector.o [7]
      .text            inited   0x8000'f02a       0x2  zf_common_vector.o [7]
      .text            inited   0x8000'f02c       0x2  zf_common_vector.o [7]
      .text            inited   0x8000'f02e       0x2  zf_common_vector.o [7]
      .text            inited   0x8000'f030       0x2  zf_common_vector.o [7]
      .text            inited   0x8000'f032       0x2  zf_common_vector.o [7]
      .text            inited   0x8000'f034       0x2  zf_common_vector.o [7]
      .text            inited   0x8000'f036       0x2  zf_common_vector.o [7]
      .text            inited   0x8000'f038       0x2  zf_common_vector.o [7]
      .text            inited   0x8000'f03a       0x2  zf_common_vector.o [7]
      .text            inited   0x8000'f03c       0x8  zf_common_vector.o [7]
      .text            inited   0x8000'f044       0x8  zf_common_vector.o [7]
      .text            inited   0x8000'f04c       0x2  zf_common_vector.o [7]
      .text            inited   0x8000'f04e       0x2  zf_common_vector.o [7]
      .text            inited   0x8000'f050       0x2  zf_common_vector.o [7]
      .text            inited   0x8000'f052       0x2  zf_common_vector.o [7]
      .text            inited   0x8000'f054       0x2  zf_common_vector.o [7]
      .text            inited   0x8000'f056       0x2  zf_common_vector.o [7]
      .text            inited   0x8000'f058       0x2  zf_common_vector.o [7]
      .text            inited   0x8000'f05a       0x2  zf_common_vector.o [7]
      .text            inited   0x8000'f05c       0x2  zf_common_vector.o [7]
      .text            inited   0x8000'f05e       0x2  zf_common_vector.o [7]
      .text            inited   0x8000'f060       0x2  zf_common_vector.o [7]
      .text            inited   0x8000'f062       0x2  zf_common_vector.o [7]
      .text            inited   0x8000'f064       0x2  zf_common_vector.o [7]
      .text            inited   0x8000'f066       0x2  zf_common_vector.o [7]
      .text            inited   0x8000'f068       0x2  zf_common_vector.o [7]
      .text            inited   0x8000'f06a       0x8  zf_common_vector.o [7]
      .text            inited   0x8000'f072       0x8  zf_common_vector.o [7]
      .text            inited   0x8000'f07a       0x2  zf_common_vector.o [7]
      .text            inited   0x8000'f07c       0x8  zf_common_vector.o [7]
      .text            inited   0x8000'f084       0x8  zf_common_vector.o [7]
      .text            inited   0x8000'f08c       0x8  zf_common_vector.o [7]
      .text            inited   0x8000'f094       0x8  zf_common_vector.o [7]
      .text            inited   0x8000'f09c       0x2  zf_common_vector.o [7]
      .text            inited   0x8000'f09e       0x2  zf_common_vector.o [7]
      .text            inited   0x8000'f0a0       0x2  zf_common_vector.o [7]
      .text            inited   0x8000'f0a2       0x2  zf_common_vector.o [7]
      .text            inited   0x8000'f0a4       0x2  zf_common_vector.o [7]
      .text            inited   0x8000'f0a6       0x2  zf_common_vector.o [7]
      .text            inited   0x8000'f0a8       0x2  zf_common_vector.o [7]
      .text            inited   0x8000'f0aa       0x2  zf_common_vector.o [7]
      .text            inited   0x8000'f0ac       0x2  zf_common_vector.o [7]
      .text            inited   0x8000'f0ae       0x2  zf_common_vector.o [7]
      .text            inited   0x8000'f0b0       0x2  zf_common_vector.o [7]
      .text            inited   0x8000'f0b2       0x2  zf_common_vector.o [7]
      .text            inited   0x8000'f0b4       0x2  zf_common_vector.o [7]
      .text            inited   0x8000'f0b6       0x2  zf_common_vector.o [7]
      .text            inited   0x8000'f0b8       0x2  zf_common_vector.o [7]
      .text            inited   0x8000'f0ba       0x2  zf_common_vector.o [7]
      .text            inited   0x8000'f0bc       0x2  zf_common_vector.o [7]
      .text            inited   0x8000'f0be       0x2  zf_common_vector.o [7]
      .text            inited   0x8000'f0c0       0x2  zf_common_vector.o [7]
      .text            inited   0x8000'f0c2       0x2  zf_common_vector.o [7]
      .text            inited   0x8000'f0c4       0x2  zf_common_vector.o [7]
      .text            inited   0x8000'f0c6       0x2  zf_common_vector.o [7]
      .text            inited   0x8000'f0c8       0x2  zf_common_vector.o [7]
      .text            inited   0x8000'f0ca       0x2  zf_common_vector.o [7]
      .text            inited   0x8000'f0cc       0x2  zf_common_vector.o [7]
      .text            inited   0x8000'f0ce       0x2  zf_common_vector.o [7]
      .text            inited   0x8000'f0d0       0x2  zf_common_vector.o [7]
      .text            inited   0x8000'f0d2       0x2  zf_common_vector.o [7]
      .text            inited   0x8000'f0d4       0x2  zf_common_vector.o [7]
      .text            inited   0x8000'f0d6       0x2  zf_common_vector.o [7]
      .text            inited   0x8000'f0d8       0x2  zf_common_vector.o [7]
      .text            inited   0x8000'f0da       0x2  zf_common_vector.o [7]
      .text            inited   0x8000'f0dc       0x2  zf_common_vector.o [7]
      .text            inited   0x8000'f0de       0x2  zf_common_vector.o [7]
      .text            inited   0x8000'f0e0       0x2  zf_common_vector.o [7]
      .text            inited   0x8000'f0e2       0x8  zf_common_vector.o [7]
      .text            inited   0x8000'f0ea       0x8  zf_common_vector.o [7]
      .text            inited   0x8000'f0f2       0x8  zf_common_vector.o [7]
      .text            inited   0x8000'f0fa       0x2  zf_common_vector.o [7]
      .text            inited   0x8000'f0fc       0x8  zf_common_vector.o [7]
      .text            inited   0x8000'f104       0x2  zf_common_vector.o [7]
      .text            inited   0x8000'f106       0x2  zf_common_vector.o [7]
      .text            inited   0x8000'f108       0x2  zf_common_vector.o [7]
      .text            inited   0x8000'f10a       0x2  zf_common_vector.o [7]
      .text            inited   0x8000'f10c       0xa  xsprout.o [10]
      .text            inited   0x8000'f116       0x4  exit.o [10]
      .text            inited   0x8000'f11a     0x13c  xprintftiny.o [10]
                              - 0x8000'f256    0xee56

Unused ranges:

         From           To        Size
         ----           --        ----
  0x2000'0111  0x2000'0117         0x7
  0x2001'1288  0x2006'efff    0x5'dd78
  0x7000'c06c  0x703f'ffff   0x3f'3f94
  0x8000'0000  0x8000'03ff       0x400
  0x8000'f256  0x81df'ffff  0x1df'0daa


*******************************************************************************
*** INIT TABLE
***

          Address      Size
          -------      ----
Zero (__iar_zero_init3)
    2 destination ranges, total size 0x1'1145:
          0x2000'0140  0xb060
          0x2000'b1a0  0x60e5

Copy/lz77 (__iar_lz77_init3)
    1 source range, total size 0x9693 (63% of destination):
          0x7000'290c  0x9693
    1 destination range, total size 0xee56:
          0x8000'0400  0xee56

Copy/lz77 (__iar_lz77_init3)
    1 source range, total size 0xcd (75% of destination):
          0x7000'bf9f    0xcd
    1 destination range, total size 0x111:
          0x2000'0000   0x111



*******************************************************************************
*** MODULE SUMMARY
***

    Module                              ro code  rw code  ro data  rw data
    ------                              -------  -------  -------  -------
command line/config:
    ----------------------------------------------------------------------
    Total:

C:\Users\Enterprise\OneDrive\university\competition\camera_example\demo\iar\program\nor_sdram_zf_dtcm\Obj\components_fatfs_6246014242642884545.dir: [1]
    ----------------------------------------------------------------------
    Total:

C:\Users\Enterprise\OneDrive\university\competition\camera_example\demo\iar\program\nor_sdram_zf_dtcm\Obj\components_sdmmc_11335736203712880765.dir: [2]
    ----------------------------------------------------------------------
    Total:

C:\Users\Enterprise\OneDrive\university\competition\camera_example\demo\iar\program\nor_sdram_zf_dtcm\Obj\components_usb_17375887477349322284.dir: [3]
    usb_device_dci.o                                 374      237
    usb_device_ehci.o                              1'488      941
    ----------------------------------------------------------------------
    Total:                                         1'862    1'178

C:\Users\Enterprise\OneDrive\university\competition\camera_example\demo\iar\program\nor_sdram_zf_dtcm\Obj\sdk_device_3373403627085545761.dir: [4]
    board.o                                          684      432
    clock_config.o                                 1'784    1'220      148
    evkmimxrt1064_flexspi_nor_config.o                        512
    evkmimxrt1064_sdram_ini_dcd.o                           1'040
    fsl_assert.o                                      28       46       44
    fsl_debug_console.o                            2'860    1'807       20
    fsl_flexspi_nor_boot.o                                     48
    startup_MIMXRT1064.o                    108
    system_MIMXRT1064.o                     294                 3        4
    ----------------------------------------------------------------------
    Total:                                  402    5'356    5'108      216

C:\Users\Enterprise\OneDrive\university\competition\camera_example\demo\iar\program\nor_sdram_zf_dtcm\Obj\sdk_drivers_13454894214809048885.dir: [5]
    fsl_clock.o                                    2'080    1'397      140
    fsl_csi.o                                      1'640    1'231      316
    fsl_edma.o                                     1'232      867      268
    fsl_enet.o                                       336      319      216
    fsl_flexcan.o                                    164      214      196
    fsl_flexio.o                                     104       66       24
    fsl_gpio.o                                       534      555      344
    fsl_gpt.o                                        588      658      452
    fsl_lpi2c.o                                      148       94       48
    fsl_lpspi.o                                    3'128    2'292      536
    fsl_lpuart.o                                   1'372    1'165      512
    fsl_pit.o                                        356      411      294
    fsl_pwm.o                                      2'856    2'069      420
    fsl_qtmr.o                                       484      508      320
    fsl_sai.o                                        328      301      188
    fsl_spdif.o                                       72       45       16
    fsl_usdhc.o                                       56       43       28
    ----------------------------------------------------------------------
    Total:                                        15'478   12'235    4'318

C:\Users\Enterprise\OneDrive\university\competition\camera_example\demo\iar\program\nor_sdram_zf_dtcm\Obj\user_c_11930989646151335152.dir: [6]
    img_process.o                                  1'238      782
    isr.o                                            844      534        4
    main.o                                           668      445   23'468
    pid.o                                            358      242      136
    ----------------------------------------------------------------------
    Total:                                         3'108    2'003   23'608

C:\Users\Enterprise\OneDrive\university\competition\camera_example\demo\iar\program\nor_sdram_zf_dtcm\Obj\zf_common_1201165462030747823.dir: [7]
    zf_common_clock.o                                 32       24        4
    zf_common_debug.o                              1'344      925      232
    zf_common_fifo.o                               1'388      942      104
    zf_common_font.o                                        1'310    2'072
    zf_common_function.o                             560      421      108
    zf_common_interrupt.o                            196      124        4
    zf_common_vector.o                               576    1'388
    ----------------------------------------------------------------------
    Total:                                         4'096    5'134    2'524

C:\Users\Enterprise\OneDrive\university\competition\camera_example\demo\iar\program\nor_sdram_zf_dtcm\Obj\zf_device_6570275422786408770.dir: [8]
    zf_device_camera.o                                28       18       32
    zf_device_mt9v03x.o                              952      762   45'368
    zf_device_tft180.o                             3'256    2'132      116
    zf_device_type.o                                  44       40       17
    ----------------------------------------------------------------------
    Total:                                         4'280    2'952   45'533

C:\Users\Enterprise\OneDrive\university\competition\camera_example\demo\iar\program\nor_sdram_zf_dtcm\Obj\zf_driver_11922370083829174090.dir: [9]
    zf_driver_csi.o                                1'144      867      284
    zf_driver_delay.o                                200      214      140
    zf_driver_encoder.o                            1'444      996      128
    zf_driver_flash.o                                 48       33      516
    zf_driver_gpio.o                                 740      571      156
    zf_driver_pit.o                                  400      331      125
    zf_driver_pwm.o                                2'316    1'544      124
    zf_driver_romapi.o                                48       31        4
    zf_driver_soft_iic.o                           1'624    1'094      108
    zf_driver_spi.o                                2'452    1'708      260
    zf_driver_uart.o                               1'484    1'030      140
    zf_driver_usb_cdc.o                               32       21       16
    ----------------------------------------------------------------------
    Total:                                        11'932    8'440    2'001

dl7M_tlf.a: [10]
    abort.o                                   6
    exit.o                                             4        3
    low_level_init.o                          4
    sprintf.o                                         64       42
    xprintftiny.o                                    316      200
    xsprout.o                                         10        6
    ----------------------------------------------------------------------
    Total:                                   10      394      251

m7M_tlv.a: [11]
    DblToS64.o                                       102       65
    S64ToDbl.o                                        84       54
    fpinit_M.o                               34
    frexp.o                                          124       78
    iar_Exp64.o                                      704      446
    ldexp.o                                          240      152
    modf.o                                           158      100
    pow64.o                                        1'296    1'487    1'056
    ----------------------------------------------------------------------
    Total:                                   34    2'708    2'382    1'056

rt7M_tl.a: [12]
    ABImemcpy.o                                      166      105
    ABImemset.o                                      102       65
    I64DivMod.o                                      628      398
    I64DivZer.o                                        2        1
    cexit.o                                           10        6
    cmain.o                                  30
    cstartup_M.o                             28
    data_init.o                              40
    lz77_init.o                             504
    strlen.o                                          54       34
    vector_table_M.o                         64
    zero_init3.o                             56
    ----------------------------------------------------------------------
    Total:                                  722      962      609

shb_l.a: [13]
    exit.o                                   20
    ----------------------------------------------------------------------
    Total:                                   20

zf_device_config.a: [14]
    zf_device_config.o                             1'708    1'079       44
    ----------------------------------------------------------------------
    Total:                                         1'708    1'079       44

    Gaps                                      6       20        2       32
    Linker created                           16        8       85    4'096
--------------------------------------------------------------------------
    Grand Total:                          1'210   51'912   41'458   83'428


*******************************************************************************
*** ENTRY LIST
***

Entry                       Address    Size  Type      Object
-----                       -------    ----  ----      ------
.iar.init_table$$Base   0x7000'286c           --   Gb  - Linker created -
.iar.init_table$$Limit  0x7000'28bc           --   Gb  - Linker created -
?main                   0x7000'28cd          Code  Gb  cmain.o [12]
ACMP1_IRQHandler        0x8000'f0a9     0x2  Code  Wk  zf_common_vector.o [7]
ACMP2_IRQHandler        0x8000'f0ab     0x2  Code  Wk  zf_common_vector.o [7]
ACMP3_IRQHandler        0x8000'f0ad     0x2  Code  Wk  zf_common_vector.o [7]
ACMP4_IRQHandler        0x8000'f0af     0x2  Code  Wk  zf_common_vector.o [7]
ADC1_IRQHandler         0x8000'f019     0x2  Code  Wk  zf_common_vector.o [7]
ADC2_IRQHandler         0x8000'f01b     0x2  Code  Wk  zf_common_vector.o [7]
ADC_ETC_ERROR_IRQ_IRQHandler
                        0x8000'f0a7     0x2  Code  Wk  zf_common_vector.o [7]
ADC_ETC_IRQ0_IRQHandler
                        0x8000'f0a1     0x2  Code  Wk  zf_common_vector.o [7]
ADC_ETC_IRQ1_IRQHandler
                        0x8000'f0a3     0x2  Code  Wk  zf_common_vector.o [7]
ADC_ETC_IRQ2_IRQHandler
                        0x8000'f0a5     0x2  Code  Wk  zf_common_vector.o [7]
ARM_MPU_Disable         0x8000'27a5    0x1a  Code  Lc  board.o [4]
ARM_MPU_Enable          0x8000'2789    0x1c  Code  Lc  board.o [4]
[...]
ascii_font_8x16         0x8000'190c   0x5f0  Data  Gb  zf_common_font.o [7]
auxiliary_process       0x8000'7ae1   0x2e2  Code  Gb  img_process.o [6]
binaryzation_process    0x8000'78ed    0x38  Code  Gb  img_process.o [6]
camera_fifo_init        0x8000'9a1d    0x10  Code  Gb  zf_device_camera.o [8]
camera_receiver_buffer  0x2001'0fe8     0x8  Data  Gb  zf_device_camera.o [8]
camera_receiver_fifo    0x2001'0fd0    0x18  Data  Gb  zf_device_camera.o [8]
camera_type             0x2001'1283     0x1  Data  Gb  zf_device_type.o [8]
camera_uart_handler     0x2000'00f4     0x4  Data  Gb  zf_device_type.o [8]
clock_init              0x8000'8c5d    0x20  Code  Gb  zf_common_clock.o [7]
config                  0x2001'102c   0x200  Data  Gb  zf_driver_flash.o [9]
constrain_float         0x8000'84f1    0x22  Code  Gb  pid.o [6]
csi_add_empty_buffer    0x8000'acfb    0x12  Code  Gb  zf_driver_csi.o [9]
csi_get_full_buffer     0x8000'ad0d    0x1c  Code  Gb  zf_driver_csi.o [9]
csi_handle              0x2001'0ff4    0x38  Data  Gb  zf_driver_csi.o [9]
csi_init                0x8000'ad37   0x15e  Code  Gb  zf_driver_csi.o [9]
csi_iomuxc              0x8000'aba3   0x158  Code  Gb  zf_driver_csi.o [9]
csi_start               0x8000'ad29     0xe  Code  Gb  zf_driver_csi.o [9]
dcd_data                0x7000'1030   0x410  Data  Gb  evkmimxrt1064_sdram_ini_dcd.o [4]
debug_assert_handler    0x8000'908f    0x46  Code  Gb  zf_common_debug.o [7]
debug_assert_handler{1}{2}::assert_nest_index
                        0x2001'1280     0x1  Data  Lc  zf_common_debug.o [7]
debug_delay             0x8000'8c7d    0x38  Code  Lc  zf_common_debug.o [7]
debug_init              0x8000'9147    0x3a  Code  Gb  zf_common_debug.o [7]
debug_interrupr_handler
                        0x8000'906f    0x20  Code  Gb  zf_common_debug.o [7]
debug_log_handler       0x8000'90d5    0x28  Code  Gb  zf_common_debug.o [7]
debug_output            0x8000'8d67   0x308  Code  Lc  zf_common_debug.o [7]
debug_output_info       0x2001'0fb8    0x14  Data  Lc  zf_common_debug.o [7]
debug_output_init       0x8000'911d    0x2a  Code  Gb  zf_common_debug.o [7]
debug_output_struct_init
                        0x8000'90fd    0x20  Code  Gb  zf_common_debug.o [7]
debug_protective_handler
                        0x8000'8cb5    0xa4  Code  Lc  zf_common_debug.o [7]
debug_uart_buffer       0x2001'0f60    0x40  Data  Gb  zf_common_debug.o [7]
debug_uart_data         0x2001'127e     0x1  Data  Gb  zf_common_debug.o [7]
debug_uart_fifo         0x2001'0fa0    0x18  Data  Gb  zf_common_debug.o [7]
debug_uart_str_output   0x8000'8d59     0xe  Code  Lc  zf_common_debug.o [7]
encoder_clear_count     0x8000'b3c9    0x2e  Code  Gb  zf_driver_encoder.o [9]
encoder_data_1          0x2001'1278     0x2  Data  Gb  isr.o [6]
encoder_data_2          0x2001'127a     0x2  Data  Gb  isr.o [6]
encoder_get_count       0x8000'b399    0x30  Code  Gb  zf_driver_encoder.o [9]
encoder_quad_init       0x8000'b3f7    0xfa  Code  Gb  zf_driver_encoder.o [9]
exit                    0x8000'f117     0x4  Code  Gb  exit.o [10]
fifo_clear              0x8000'91f1    0x9c  Code  Gb  zf_common_fifo.o [7]
fifo_end_offset         0x8000'91d7    0x1a  Code  Lc  zf_common_fifo.o [7]
fifo_head_offset        0x8000'91bd    0x1a  Code  Lc  zf_common_fifo.o [7]
fifo_init               0x8000'96df    0x44  Code  Gb  zf_common_fifo.o [7]
fifo_read_buffer        0x8000'9507   0x1d8  Code  Gb  zf_common_fifo.o [7]
fifo_used               0x8000'928d    0x22  Code  Gb  zf_common_fifo.o [7]
fifo_write_buffer       0x8000'9333   0x1d4  Code  Gb  zf_common_fifo.o [7]
fifo_write_element      0x8000'92af    0x84  Code  Gb  zf_common_fifo.o [7]
flash_init              0x8000'b5b9    0x22  Code  Gb  zf_driver_flash.o [9]
flash_instance          0x2000'0104     0x4  Data  Gb  zf_driver_flash.o [9]
flexio_camera_uart_handler
                        0x2000'00fc     0x4  Data  Gb  zf_device_type.o [8]
flexio_camera_vsync_handler
                        0x2000'00f8     0x4  Data  Gb  zf_device_type.o [8]
frexp                   0x8000'ed49          Code  Gb  frexp.o [11]
frexpl                  0x8000'ed49          Code  Gb  frexp.o [11]
func_double_to_str      0x8000'97b1   0x19a  Code  Gb  zf_common_function.o [7]
func_int_to_str         0x8000'9729    0x88  Code  Gb  zf_common_function.o [7]
g_boot_data             0x7000'1020    0x10  Data  Gb  fsl_flexspi_nor_boot.o [4]
g_lpspiDummyData        0x2000'b2ec     0x8  Data  Gb  fsl_lpspi.o [5]
g_rtcXtalFreq           0x2000'b1a4     0x4  Data  Gb  fsl_clock.o [5]
g_xtalFreq              0x2000'b1a0     0x4  Data  Gb  fsl_clock.o [5]
get_hist_gram           0x8000'7925    0x76  Code  Gb  img_process.o [6]
get_threshold_otsu      0x8000'799d   0x140  Code  Gb  img_process.o [6]
gpio_get_level          0x8000'b7b3    0x1e  Code  Gb  zf_driver_gpio.o [9]
gpio_init               0x8000'b837    0x6a  Code  Gb  zf_driver_gpio.o [9]
gpio_iomuxc             0x8000'b6b3    0xbe  Code  Gb  zf_driver_gpio.o [9]
gpio_set_dir            0x8000'b7d1    0x66  Code  Gb  zf_driver_gpio.o [9]
gpio_set_level          0x8000'b771    0x42  Code  Gb  zf_driver_gpio.o [9]
hist_gram               0x2001'0b84   0x200  Data  Gb  main.o [6]
image                   0x2000'b364  0x5820  Data  Gb  main.o [6]
image_vector_table      0x7000'1000    0x20  Data  Gb  fsl_flexspi_nor_boot.o [4]
interrupt_enable        0x8000'9a05     0xe  Code  Gb  zf_common_interrupt.o [7]
interrupt_global_disable
                        0x8000'99e1    0x10  Code  Gb  zf_common_interrupt.o [7]
interrupt_global_enable
                        0x8000'99c7    0x1a  Code  Gb  zf_common_interrupt.o [7]
interrupt_init          0x8000'9a13     0xa  Code  Gb  zf_common_interrupt.o [7]
interrupt_nest_count    0x2001'0fcc     0x4  Data  Lc  zf_common_interrupt.o [7]
ldexp                   0x8000'edc5          Code  Gb  ldexp.o [11]
ldexpl                  0x8000'edc5          Code  Gb  ldexp.o [11]
left_line               0x2001'0d84    0x78  Data  Gb  main.o [6]
lnbias                  0x8000'0400   0x420  Data  Lc  pow64.o [11]
m_boot_hdr_conf_start {Abs}
                        0x7000'0000          Data  Gb  <internal module>
main                    0x8000'81ad   0x1aa  Code  Gb  main.o [6]
mid_line                0x2001'0dfc    0x78  Data  Gb  main.o [6]
modf                    0x8000'e45d          Code  Gb  modf.o [11]
modfl                   0x8000'e45d          Code  Gb  modf.o [11]
mt9v03x_finish_flag     0x2001'1281     0x1  Data  Gb  zf_device_mt9v03x.o [8]
mt9v03x_finished_callback
                        0x8000'9c55    0x4e  Code  Gb  zf_device_mt9v03x.o [8]
mt9v03x_get_config      0x8000'9ae7    0xce  Code  Lc  zf_device_mt9v03x.o [8]
mt9v03x_get_confing_buffer
                        0x2000'0054    0x24  Data  Lc  zf_device_mt9v03x.o [8]
mt9v03x_get_version     0x8000'9bb5    0x76  Code  Gb  zf_device_mt9v03x.o [8]
mt9v03x_h_blank         0x2001'1274     0x4  Data  Lc  zf_device_config.o [14]
mt9v03x_iic_inf_struct  0x2001'1260    0x10  Data  Lc  zf_device_config.o [14]
mt9v03x_image           0x2001'0ff0     0x4  Data  Gb  zf_device_mt9v03x.o [8]
mt9v03x_image1          0x2000'0140  0x5820  Data  Gb  zf_device_mt9v03x.o [8]
mt9v03x_image2          0x2000'5980  0x5820  Data  Gb  zf_device_mt9v03x.o [8]
mt9v03x_init            0x8000'9ca3   0x10e  Code  Gb  zf_device_mt9v03x.o [8]
mt9v03x_init_config     0x2001'124c    0x14  Data  Lc  zf_device_config.o [14]
mt9v03x_read_word_sccb  0x8000'd99b    0x28  Code  Lc  zf_device_config.o [14]
mt9v03x_set_config      0x8000'9a39    0xae  Code  Lc  zf_device_mt9v03x.o [8]
mt9v03x_set_config_sccb
                        0x8000'd9c3   0x646  Code  Gb  zf_device_config.o [14]
mt9v03x_set_confing_buffer
                        0x2000'002c    0x28  Data  Lc  zf_device_mt9v03x.o [8]
mt9v03x_type            0x2000'010d     0x1  Data  Lc  zf_device_mt9v03x.o [8]
mt9v03x_uart_callback   0x8000'9c2b    0x2a  Code  Lc  zf_device_mt9v03x.o [8]
mt9v03x_v_blank         0x2001'1270     0x4  Data  Lc  zf_device_config.o [14]
mt9v03x_version         0x2001'127c     0x2  Data  Lc  zf_device_mt9v03x.o [8]
mt9v03x_write_word_sccb
                        0x8000'd971    0x2a  Code  Lc  zf_device_config.o [14]
out                     0x8000'f11b    0x18  Code  Lc  xprintftiny.o [10]
pit_init                0x8000'b9db    0x68  Code  Gb  zf_driver_pit.o [9]
pit_init::init_flag     0x2001'1284     0x1  Data  Lc  zf_driver_pit.o [9]
pow                     0x8000'e4fd   0x4c0  Code  Gb  pow64.o [11]
powl                    0x8000'e4fd   0x4c0  Code  Gb  pow64.o [11]
pwm_init                0x8000'c005   0x222  Code  Gb  zf_driver_pwm.o [9]
pwm_iomuxc              0x8000'baa9   0x49a  Code  Gb  zf_driver_pwm.o [9]
pwm_set_duty            0x8000'bf43    0xc2  Code  Gb  zf_driver_pwm.o [9]
qspiflash_config        0x7000'0000   0x200  Data  Gb  evkmimxrt1064_flexspi_nor_config.o [4]
qtimer_index            0x2000'009c    0x14  Data  Gb  zf_driver_encoder.o [9]
qtimer_iomuxc           0x8000'b045   0x354  Code  Gb  zf_driver_encoder.o [9]
right_line              0x2001'0e74    0x78  Data  Gb  main.o [6]
rom_api_entry           0x2001'122c     0x4  Data  Lc  zf_driver_romapi.o [9]
rom_api_flexspi_nor_get_config
                        0x8000'c377    0x1a  Code  Gb  zf_driver_romapi.o [9]
rom_api_init            0x8000'c369     0xe  Code  Gb  zf_driver_romapi.o [9]
s_EDMAHandle            0x2000'b1c4    0x80  Data  Lc  fsl_edma.o [5]
s_ENETHandle            0x2000'b244     0x8  Data  Lc  fsl_enet.o [5]
s_baudratePrescaler     0x8000'1160     0x8  Data  Lc  fsl_lpspi.o [5]
s_cdcVcom               0x2001'123c    0x10  Data  Gb  zf_driver_usb_cdc.o [9]
s_csiBases              0x8000'0a90     0x4  Data  Lc  fsl_csi.o [5]
s_csiClocks             0x8000'eec6     0x2  Data  Lc  fsl_csi.o [5]
s_csiHandle             0x2000'b1a8     0x4  Data  Lc  fsl_csi.o [5]
s_csiIRQ                0x8000'eec8     0x2  Data  Lc  fsl_csi.o [5]
s_csiIsr                0x2000'b1ac     0x4  Data  Lc  fsl_csi.o [5]
s_debugConsole          0x2000'b1b0    0x14  Data  Lc  fsl_debug_console.o [4]
s_enet1588TimerIsr      0x2000'b26c     0x8  Data  Lc  fsl_enet.o [5]
s_enetBases             0x8000'0bc0     0x8  Data  Lc  fsl_enet.o [5]
s_enetErrIsr            0x2000'b25c     0x8  Data  Lc  fsl_enet.o [5]
s_enetRxIsr             0x2000'b254     0x8  Data  Lc  fsl_enet.o [5]
s_enetTsIsr             0x2000'b264     0x8  Data  Lc  fsl_enet.o [5]
s_enetTxIsr             0x2000'b24c     0x8  Data  Lc  fsl_enet.o [5]
s_flexcanHandle         0x2000'b274    0x10  Data  Lc  fsl_flexcan.o [5]
s_flexcanIsr            0x2000'b284     0x4  Data  Lc  fsl_flexcan.o [5]
s_flexioHandle          0x2000'b288     0x8  Data  Lc  fsl_flexio.o [5]
s_flexioIsr             0x2000'b298     0x8  Data  Lc  fsl_flexio.o [5]
s_flexioType            0x2000'b290     0x8  Data  Lc  fsl_flexio.o [5]
s_gpioBases             0x8000'0d98    0x2c  Data  Lc  fsl_gpio.o [5]
s_gpioClock             0x8000'0dc4     0xc  Data  Lc  fsl_gpio.o [5]
s_gptBases              0x8000'0f80     0xc  Data  Lc  fsl_gpt.o [5]
s_gptClocks             0x8000'0f8c     0x8  Data  Lc  fsl_gpt.o [5]
s_lpi2cMasterHandle     0x2000'b2a4    0x14  Data  Gb  fsl_lpi2c.o [5]
s_lpi2cMasterIsr        0x2000'b2a0     0x4  Data  Gb  fsl_lpi2c.o [5]
s_lpi2cSlaveHandle      0x2000'b2bc    0x14  Data  Lc  fsl_lpi2c.o [5]
s_lpi2cSlaveIsr         0x2000'b2b8     0x4  Data  Lc  fsl_lpi2c.o [5]
s_lpspiBases            0x8000'1168    0x14  Data  Lc  fsl_lpspi.o [5]
s_lpspiClocks           0x8000'117c     0xc  Data  Lc  fsl_lpspi.o [5]
s_lpspiHandle           0x2000'b2d0    0x14  Data  Lc  fsl_lpspi.o [5]
s_lpspiMasterIsr        0x2000'b2e4     0x4  Data  Lc  fsl_lpspi.o [5]
s_lpspiSlaveIsr         0x2000'b2e8     0x4  Data  Lc  fsl_lpspi.o [5]
s_lpuartBases           0x8000'1328    0x24  Data  Lc  fsl_lpuart.o [5]
s_lpuartClock           0x8000'134c    0x14  Data  Lc  fsl_lpuart.o [5]
s_lpuartHandle          0x2000'b2f4    0x24  Data  Gb  fsl_lpuart.o [5]
s_lpuartIsr             0x2000'b318     0x4  Data  Gb  fsl_lpuart.o [5]
s_pitBases              0x8000'1480     0x4  Data  Lc  fsl_pit.o [5]
s_pitClocks             0x8000'eeca     0x2  Data  Lc  fsl_pit.o [5]
s_pwmBases              0x8000'15ec    0x14  Data  Lc  fsl_pwm.o [5]
s_pwmClocks             0x8000'1600    0x28  Data  Lc  fsl_pwm.o [5]
s_qtmrBases             0x8000'1748    0x14  Data  Lc  fsl_qtmr.o [5]
s_qtmrClocks            0x8000'175c     0xc  Data  Lc  fsl_qtmr.o [5]
s_saiHandle             0x2000'b31c    0x20  Data  Lc  fsl_sai.o [5]
s_saiRxIsr              0x2000'b340     0x4  Data  Lc  fsl_sai.o [5]
s_saiTxIsr              0x2000'b33c     0x4  Data  Lc  fsl_sai.o [5]
s_spdifHandle           0x2000'b344     0x8  Data  Lc  fsl_spdif.o [5]
s_spdifRxIsr            0x2000'b350     0x4  Data  Lc  fsl_spdif.o [5]
s_spdifTxIsr            0x2000'b34c     0x4  Data  Lc  fsl_spdif.o [5]
s_usdhcBase             0x8000'17fc     0xc  Data  Lc  fsl_usdhc.o [5]
s_usdhcHandle           0x2000'b354     0xc  Data  Lc  fsl_usdhc.o [5]
s_usdhcIsr              0x2000'b360     0x4  Data  Lc  fsl_usdhc.o [5]
scalbln                 0x8000'edc5          Code  Gb  ldexp.o [11]
scalblnl                0x8000'edc5          Code  Gb  ldexp.o [11]
scalbn                  0x8000'edc5          Code  Gb  ldexp.o [11]
scalbnl                 0x8000'edc5          Code  Gb  ldexp.o [11]
servo_motor_duty_middle
                        0x8000'1828     0x4  Data  Gb  main.o [6]
set_camera_type         0x8000'aaab    0x1c  Code  Gb  zf_device_type.o [8]
soft_iic_init           0x8000'c971    0x7a  Code  Gb  zf_driver_soft_iic.o [9]
soft_iic_read_data      0x8000'c795   0x11c  Code  Lc  zf_driver_soft_iic.o [9]
soft_iic_sccb_read_register
                        0x8000'c905    0x6c  Code  Gb  zf_driver_soft_iic.o [9]
soft_iic_sccb_write_register
                        0x8000'c8b9    0x4c  Code  Gb  zf_driver_soft_iic.o [9]
soft_iic_send_ack       0x8000'c50d    0xce  Code  Lc  zf_driver_soft_iic.o [9]
soft_iic_send_data      0x8000'c6af    0xe6  Code  Lc  zf_driver_soft_iic.o [9]
soft_iic_start          0x8000'c3c5    0xa4  Code  Lc  zf_driver_soft_iic.o [9]
soft_iic_stop           0x8000'c469    0xa4  Code  Lc  zf_driver_soft_iic.o [9]
soft_iic_wait_ack       0x8000'c5db    0xd4  Code  Lc  zf_driver_soft_iic.o [9]
speed_IMAX              0x2000'00e0     0x4  Data  Gb  pid.o [6]
speed_KD                0x2001'0eec     0x4  Data  Gb  pid.o [6]
speed_KI                0x2000'00dc     0x4  Data  Gb  pid.o [6]
speed_KP                0x2000'00d8     0x4  Data  Gb  pid.o [6]
speed_OUTMAX            0x2000'00e4     0x4  Data  Gb  pid.o [6]
speed_pid_l             0x2001'0ef8    0x34  Data  Gb  pid.o [6]
speed_pid_r             0x2001'0f2c    0x34  Data  Gb  pid.o [6]
speed_pwm               0x2001'0ef4     0x4  Data  Gb  pid.o [6]
speed_real              0x2001'0ef0     0x4  Data  Gb  pid.o [6]
speed_target            0x2000'00e8     0x4  Data  Gb  pid.o [6]
spi_cs_index            0x2001'1230     0xc  Data  Lc  zf_driver_spi.o [9]
spi_index               0x2000'00c4    0x14  Data  Lc  zf_driver_spi.o [9]
spi_init                0x8000'd031   0x23c  Code  Gb  zf_driver_spi.o [9]
spi_iomuxc              0x8000'cb07   0x430  Code  Gb  zf_driver_spi.o [9]
spi_write               0x8000'cf37    0x9c  Code  Gb  zf_driver_spi.o [9]
spi_write_16bit         0x8000'd001    0x24  Code  Gb  zf_driver_spi.o [9]
spi_write_8bit          0x8000'cfef    0x12  Code  Gb  zf_driver_spi.o [9]
spi_write_8bit_array    0x8000'cfd3    0x1c  Code  Gb  zf_driver_spi.o [9]
sprintf                 0x8000'ea45    0x40  Code  Gb  sprintf.o [10]
strlen                  0x8000'ea0d          Code  Gb  strlen.o [12]
system_clock            0x2000'00f0     0x4  Data  Gb  zf_common_clock.o [7]
system_delay_init       0x8000'afdd    0x2c  Code  Gb  zf_driver_delay.o [9]
system_delay_ms         0x8000'af9f    0x3e  Code  Gb  zf_driver_delay.o [9]
tft180_bgcolor          0x2000'010a     0x2  Data  Lc  zf_device_tft180.o [8]
tft180_clear            0x8000'a009    0x50  Code  Gb  zf_device_tft180.o [8]
tft180_debug_init       0x8000'9f9f    0x6a  Code  Lc  zf_device_tft180.o [8]
tft180_display_dir      0x2001'1282     0x1  Data  Lc  zf_device_tft180.o [8]
tft180_display_font     0x2000'010e     0x1  Data  Lc  zf_device_tft180.o [8]
tft180_init             0x8000'a71d   0x36a  Code  Gb  zf_device_tft180.o [8]
tft180_pencolor         0x2000'0108     0x2  Data  Lc  zf_device_tft180.o [8]
tft180_set_color        0x8000'a095     0xe  Code  Gb  zf_device_tft180.o [8]
tft180_set_dir          0x8000'a059    0x3c  Code  Gb  zf_device_tft180.o [8]
tft180_set_region       0x8000'9e45   0x15a  Code  Gb  zf_device_tft180.o [8]
tft180_show_char        0x8000'a0a3   0x1d2  Code  Gb  zf_device_tft180.o [8]
tft180_show_float       0x8000'a425   0x15a  Code  Gb  zf_device_tft180.o [8]
tft180_show_gray_image  0x8000'a595   0x16e  Code  Gb  zf_device_tft180.o [8]
tft180_show_int         0x8000'a329    0xfc  Code  Gb  zf_device_tft180.o [8]
tft180_show_string      0x8000'a279    0xb0  Code  Gb  zf_device_tft180.o [8]
tft180_write_index      0x8000'9e1d    0x28  Code  Lc  zf_device_tft180.o [8]
tft180_x_max            0x2000'010f     0x1  Data  Lc  zf_device_tft180.o [8]
tft180_y_max            0x2000'0110     0x1  Data  Lc  zf_device_tft180.o [8]
type_default_callback   0x8000'aaa9     0x2  Code  Gb  zf_device_type.o [8]
uart_index              0x2000'0078    0x24  Data  Lc  zf_driver_uart.o [9]
uart_init               0x8000'd7eb    0x8e  Code  Gb  zf_driver_uart.o [9]
uart_iomuxc             0x8000'd3bb   0x34a  Code  Gb  zf_driver_uart.o [9]
uart_query_byte         0x8000'd779    0x34  Code  Gb  zf_driver_uart.o [9]
uart_rx_interrupt       0x8000'd7ad    0x3e  Code  Gb  zf_driver_uart.o [9]
uart_write_buffer       0x8000'd72d    0x2a  Code  Gb  zf_driver_uart.o [9]
uart_write_byte         0x8000'd705    0x28  Code  Gb  zf_driver_uart.o [9]
uart_write_string       0x8000'd757    0x22  Code  Gb  zf_driver_uart.o [9]
wireless_module_uart_handler
                        0x2000'0100     0x4  Data  Gb  zf_device_type.o [8]
zf_debug_assert_enable  0x2000'010c     0x1  Data  Lc  zf_common_debug.o [7]
zf_debug_init_flag      0x2001'127f     0x1  Data  Lc  zf_common_debug.o [7]


[1] = C:\Users\Enterprise\OneDrive\university\competition\camera_example\demo\iar\program\nor_sdram_zf_dtcm\Obj\components_fatfs_6246014242642884545.dir
[2] = C:\Users\Enterprise\OneDrive\university\competition\camera_example\demo\iar\program\nor_sdram_zf_dtcm\Obj\components_sdmmc_11335736203712880765.dir
[3] = C:\Users\Enterprise\OneDrive\university\competition\camera_example\demo\iar\program\nor_sdram_zf_dtcm\Obj\components_usb_17375887477349322284.dir
[4] = C:\Users\Enterprise\OneDrive\university\competition\camera_example\demo\iar\program\nor_sdram_zf_dtcm\Obj\sdk_device_3373403627085545761.dir
[5] = C:\Users\Enterprise\OneDrive\university\competition\camera_example\demo\iar\program\nor_sdram_zf_dtcm\Obj\sdk_drivers_13454894214809048885.dir
[6] = C:\Users\Enterprise\OneDrive\university\competition\camera_example\demo\iar\program\nor_sdram_zf_dtcm\Obj\user_c_11930989646151335152.dir
[7] = C:\Users\Enterprise\OneDrive\university\competition\camera_example\demo\iar\program\nor_sdram_zf_dtcm\Obj\zf_common_1201165462030747823.dir
[8] = C:\Users\Enterprise\OneDrive\university\competition\camera_example\demo\iar\program\nor_sdram_zf_dtcm\Obj\zf_device_6570275422786408770.dir
[9] = C:\Users\Enterprise\OneDrive\university\competition\camera_example\demo\iar\program\nor_sdram_zf_dtcm\Obj\zf_driver_11922370083829174090.dir
[10] = dl7M_tlf.a
[11] = m7M_tlv.a
[12] = rt7M_tl.a
[13] = shb_l.a
[14] = zf_device_config.a

   1'210 bytes of readonly  code memory
  51'912 bytes of readwrite code memory
  41'458 bytes of readonly  data memory
  83'428 bytes of readwrite data memory

Errors: none
Warnings: none
